Archive member included to satisfy reference by file (symbol)

D:/ST/STM32CubeIDE_1.17.0/STM32CubeIDE/plugins/com.st.stm32cube.ide.mcu.externaltools.gnu-tools-for-stm32.12.3.rel1.win32_1.1.0.202410251130/tools/bin/../lib/gcc/arm-none-eabi/12.3.1/../../../../arm-none-eabi/lib/thumb/v7e-m+fp/hard\libc_nano.a(libc_a-exit.o)
                              D:/ST/STM32CubeIDE_1.17.0/STM32CubeIDE/plugins/com.st.stm32cube.ide.mcu.externaltools.gnu-tools-for-stm32.12.3.rel1.win32_1.1.0.202410251130/tools/bin/../lib/gcc/arm-none-eabi/12.3.1/../../../../arm-none-eabi/lib/thumb/v7e-m+fp/hard/crt0.o (exit)
D:/ST/STM32CubeIDE_1.17.0/STM32CubeIDE/plugins/com.st.stm32cube.ide.mcu.externaltools.gnu-tools-for-stm32.12.3.rel1.win32_1.1.0.202410251130/tools/bin/../lib/gcc/arm-none-eabi/12.3.1/../../../../arm-none-eabi/lib/thumb/v7e-m+fp/hard\libc_nano.a(libc_a-findfp.o)
                              D:/ST/STM32CubeIDE_1.17.0/STM32CubeIDE/plugins/com.st.stm32cube.ide.mcu.externaltools.gnu-tools-for-stm32.12.3.rel1.win32_1.1.0.202410251130/tools/bin/../lib/gcc/arm-none-eabi/12.3.1/../../../../arm-none-eabi/lib/thumb/v7e-m+fp/hard\libc_nano.a(libc_a-exit.o) (__stdio_exit_handler)
D:/ST/STM32CubeIDE_1.17.0/STM32CubeIDE/plugins/com.st.stm32cube.ide.mcu.externaltools.gnu-tools-for-stm32.12.3.rel1.win32_1.1.0.202410251130/tools/bin/../lib/gcc/arm-none-eabi/12.3.1/../../../../arm-none-eabi/lib/thumb/v7e-m+fp/hard\libc_nano.a(libc_a-fwalk.o)
                              D:/ST/STM32CubeIDE_1.17.0/STM32CubeIDE/plugins/com.st.stm32cube.ide.mcu.externaltools.gnu-tools-for-stm32.12.3.rel1.win32_1.1.0.202410251130/tools/bin/../lib/gcc/arm-none-eabi/12.3.1/../../../../arm-none-eabi/lib/thumb/v7e-m+fp/hard\libc_nano.a(libc_a-findfp.o) (_fwalk_sglue)
D:/ST/STM32CubeIDE_1.17.0/STM32CubeIDE/plugins/com.st.stm32cube.ide.mcu.externaltools.gnu-tools-for-stm32.12.3.rel1.win32_1.1.0.202410251130/tools/bin/../lib/gcc/arm-none-eabi/12.3.1/../../../../arm-none-eabi/lib/thumb/v7e-m+fp/hard\libc_nano.a(libc_a-stdio.o)
                              D:/ST/STM32CubeIDE_1.17.0/STM32CubeIDE/plugins/com.st.stm32cube.ide.mcu.externaltools.gnu-tools-for-stm32.12.3.rel1.win32_1.1.0.202410251130/tools/bin/../lib/gcc/arm-none-eabi/12.3.1/../../../../arm-none-eabi/lib/thumb/v7e-m+fp/hard\libc_nano.a(libc_a-findfp.o) (__sread)
D:/ST/STM32CubeIDE_1.17.0/STM32CubeIDE/plugins/com.st.stm32cube.ide.mcu.externaltools.gnu-tools-for-stm32.12.3.rel1.win32_1.1.0.202410251130/tools/bin/../lib/gcc/arm-none-eabi/12.3.1/../../../../arm-none-eabi/lib/thumb/v7e-m+fp/hard\libc_nano.a(libc_a-memset.o)
                              D:/ST/STM32CubeIDE_1.17.0/STM32CubeIDE/plugins/com.st.stm32cube.ide.mcu.externaltools.gnu-tools-for-stm32.12.3.rel1.win32_1.1.0.202410251130/tools/bin/../lib/gcc/arm-none-eabi/12.3.1/../../../../arm-none-eabi/lib/thumb/v7e-m+fp/hard/crt0.o (memset)
D:/ST/STM32CubeIDE_1.17.0/STM32CubeIDE/plugins/com.st.stm32cube.ide.mcu.externaltools.gnu-tools-for-stm32.12.3.rel1.win32_1.1.0.202410251130/tools/bin/../lib/gcc/arm-none-eabi/12.3.1/../../../../arm-none-eabi/lib/thumb/v7e-m+fp/hard\libc_nano.a(libc_a-closer.o)
                              D:/ST/STM32CubeIDE_1.17.0/STM32CubeIDE/plugins/com.st.stm32cube.ide.mcu.externaltools.gnu-tools-for-stm32.12.3.rel1.win32_1.1.0.202410251130/tools/bin/../lib/gcc/arm-none-eabi/12.3.1/../../../../arm-none-eabi/lib/thumb/v7e-m+fp/hard\libc_nano.a(libc_a-stdio.o) (_close_r)
D:/ST/STM32CubeIDE_1.17.0/STM32CubeIDE/plugins/com.st.stm32cube.ide.mcu.externaltools.gnu-tools-for-stm32.12.3.rel1.win32_1.1.0.202410251130/tools/bin/../lib/gcc/arm-none-eabi/12.3.1/../../../../arm-none-eabi/lib/thumb/v7e-m+fp/hard\libc_nano.a(libc_a-reent.o)
                              D:/ST/STM32CubeIDE_1.17.0/STM32CubeIDE/plugins/com.st.stm32cube.ide.mcu.externaltools.gnu-tools-for-stm32.12.3.rel1.win32_1.1.0.202410251130/tools/bin/../lib/gcc/arm-none-eabi/12.3.1/../../../../arm-none-eabi/lib/thumb/v7e-m+fp/hard\libc_nano.a(libc_a-closer.o) (errno)
D:/ST/STM32CubeIDE_1.17.0/STM32CubeIDE/plugins/com.st.stm32cube.ide.mcu.externaltools.gnu-tools-for-stm32.12.3.rel1.win32_1.1.0.202410251130/tools/bin/../lib/gcc/arm-none-eabi/12.3.1/../../../../arm-none-eabi/lib/thumb/v7e-m+fp/hard\libc_nano.a(libc_a-impure.o)
                              D:/ST/STM32CubeIDE_1.17.0/STM32CubeIDE/plugins/com.st.stm32cube.ide.mcu.externaltools.gnu-tools-for-stm32.12.3.rel1.win32_1.1.0.202410251130/tools/bin/../lib/gcc/arm-none-eabi/12.3.1/../../../../arm-none-eabi/lib/thumb/v7e-m+fp/hard\libc_nano.a(libc_a-reent.o) (_impure_ptr)
D:/ST/STM32CubeIDE_1.17.0/STM32CubeIDE/plugins/com.st.stm32cube.ide.mcu.externaltools.gnu-tools-for-stm32.12.3.rel1.win32_1.1.0.202410251130/tools/bin/../lib/gcc/arm-none-eabi/12.3.1/../../../../arm-none-eabi/lib/thumb/v7e-m+fp/hard\libc_nano.a(libc_a-lseekr.o)
[...]
Memory Configuration

Name             Origin             Length             Attributes
CCMRAM           0x10000000         0x00010000         xrw
RAM              0x20000000         0x00020000         xrw
FLASH            0x08000000         0x00080000         xr
*default*        0x00000000         0xffffffff

Linker script and memory map

LOAD D:/ST/STM32CubeIDE_1.17.0/STM32CubeIDE/plugins/com.st.stm32cube.ide.mcu.externaltools.gnu-tools-for-stm32.12.3.rel1.win32_1.1.0.202410251130/tools/bin/../lib/gcc/arm-none-eabi/12.3.1/thumb/v7e-m+fp/hard/crti.o
LOAD D:/ST/STM32CubeIDE_1.17.0/STM32CubeIDE/plugins/com.st.stm32cube.ide.mcu.externaltools.gnu-tools-for-stm32.12.3.rel1.win32_1.1.0.202410251130/tools/bin/../lib/gcc/arm-none-eabi/12.3.1/thumb/v7e-m+fp/hard/crtbegin.o
LOAD D:/ST/STM32CubeIDE_1.17.0/STM32CubeIDE/plugins/com.st.stm32cube.ide.mcu.externaltools.gnu-tools-for-stm32.12.3.rel1.win32_1.1.0.202410251130/tools/bin/../lib/gcc/arm-none-eabi/12.3.1/../../../../arm-none-eabi/lib/thumb/v7e-m+fp/hard/crt0.o
LOAD ./Core/Src/main.o
LOAD ./Core/Src/stm32f4xx_hal_msp.o
LOAD ./Core/Src/stm32f4xx_it.o
LOAD ./Core/Src/syscalls.o
LOAD ./Core/Src/sysmem.o
LOAD ./Core/Src/system_stm32f4xx.o
LOAD ./Core/Startup/startup_stm32f407vetx.o
LOAD ./Drivers/STM32F4xx_HAL_Driver/Src/stm32f4xx_hal.o
LOAD ./Drivers/STM32F4xx_HAL_Driver/Src/stm32f4xx_hal_cortex.o
LOAD ./Drivers/STM32F4xx_HAL_Driver/Src/stm32f4xx_hal_dma.o
LOAD ./Drivers/STM32F4xx_HAL_Driver/Src/stm32f4xx_hal_dma_ex.o
LOAD ./Drivers/STM32F4xx_HAL_Driver/Src/stm32f4xx_hal_exti.o
LOAD ./Drivers/STM32F4xx_HAL_Driver/Src/stm32f4xx_hal_flash.o
LOAD ./Drivers/STM32F4xx_HAL_Driver/Src/stm32f4xx_hal_flash_ex.o
LOAD ./Drivers/STM32F4xx_HAL_Driver/Src/stm32f4xx_hal_flash_ramfunc.o
LOAD ./Drivers/STM32F4xx_HAL_Driver/Src/stm32f4xx_hal_gpio.o
LOAD ./Drivers/STM32F4xx_HAL_Driver/Src/stm32f4xx_hal_pcd.o
LOAD ./Drivers/STM32F4xx_HAL_Driver/Src/stm32f4xx_hal_pcd_ex.o
LOAD ./Drivers/STM32F4xx_HAL_Driver/Src/stm32f4xx_hal_pwr.o
LOAD ./Drivers/STM32F4xx_HAL_Driver/Src/stm32f4xx_hal_pwr_ex.o
LOAD ./Drivers/STM32F4xx_HAL_Driver/Src/stm32f4xx_hal_rcc.o
LOAD ./Drivers/STM32F4xx_HAL_Driver/Src/stm32f4xx_hal_rcc_ex.o
LOAD ./Drivers/STM32F4xx_HAL_Driver/Src/stm32f4xx_ll_usb.o
LOAD ./Middlewares/ST/STM32_USB_Device_Library/Class/HID/Src/usbd_hid.o
LOAD ./Middlewares/ST/STM32_USB_Device_Library/Core/Src/usbd_core.o
LOAD ./Middlewares/ST/STM32_USB_Device_Library/Core/Src/usbd_ctlreq.o
LOAD ./Middlewares/ST/STM32_USB_Device_Library/Core/Src/usbd_ioreq.o
LOAD ./USB_DEVICE/App/usb_device.o
LOAD ./USB_DEVICE/App/usbd_desc.o
LOAD ./USB_DEVICE/Target/usbd_conf.o
START GROUP
LOAD D:/ST/STM32CubeIDE_1.17.0/STM32CubeIDE/plugins/com.st.stm32cube.ide.mcu.externaltools.gnu-tools-for-stm32.12.3.rel1.win32_1.1.0.202410251130/tools/bin/../lib/gcc/arm-none-eabi/12.3.1/../../../../arm-none-eabi/lib/thumb/v7e-m+fp/hard\libc_nano.a
LOAD D:/ST/STM32CubeIDE_1.17.0/STM32CubeIDE/plugins/com.st.stm32cube.ide.mcu.externaltools.gnu-tools-for-stm32.12.3.rel1.win32_1.1.0.202410251130/tools/bin/../lib/gcc/arm-none-eabi/12.3.1/../../../../arm-none-eabi/lib/thumb/v7e-m+fp/hard\libm.a
END GROUP
START GROUP
LOAD D:/ST/STM32CubeIDE_1.17.0/STM32CubeIDE/plugins/com.st.stm32cube.ide.mcu.externaltools.gnu-tools-for-stm32.12.3.rel1.win32_1.1.0.202410251130/tools/bin/../lib/gcc/arm-none-eabi/12.3.1/thumb/v7e-m+fp/hard\libgcc.a
LOAD D:/ST/STM32CubeIDE_1.17.0/STM32CubeIDE/plugins/com.st.stm32cube.ide.mcu.externaltools.gnu-tools-for-stm32.12.3.rel1.win32_1.1.0.202410251130/tools/bin/../lib/gcc/arm-none-eabi/12.3.1/../../../../arm-none-eabi/lib/thumb/v7e-m+fp/hard\libc_nano.a
END GROUP
START GROUP
LOAD D:/ST/STM32CubeIDE_1.17.0/STM32CubeIDE/plugins/com.st.stm32cube.ide.mcu.externaltools.gnu-tools-for-stm32.12.3.rel1.win32_1.1.0.202410251130/tools/bin/../lib/gcc/arm-none-eabi/12.3.1/thumb/v7e-m+fp/hard\libgcc.a
LOAD D:/ST/STM32CubeIDE_1.17.0/STM32CubeIDE/plugins/com.st.stm32cube.ide.mcu.externaltools.gnu-tools-for-stm32.12.3.rel1.win32_1.1.0.202410251130/tools/bin/../lib/gcc/arm-none-eabi/12.3.1/../../../../arm-none-eabi/lib/thumb/v7e-m+fp/hard\libc_nano.a
LOAD D:/ST/STM32CubeIDE_1.17.0/STM32CubeIDE/plugins/com.st.stm32cube.ide.mcu.externaltools.gnu-tools-for-stm32.12.3.rel1.win32_1.1.0.202410251130/tools/bin/../lib/gcc/arm-none-eabi/12.3.1/../../../../arm-none-eabi/lib/thumb/v7e-m+fp/hard\libnosys.a
END GROUP
START GROUP
LOAD D:/ST/STM32CubeIDE_1.17.0/STM32CubeIDE/plugins/com.st.stm32cube.ide.mcu.externaltools.gnu-tools-for-stm32.12.3.rel1.win32_1.1.0.202410251130/tools/bin/../lib/gcc/arm-none-eabi/12.3.1/thumb/v7e-m+fp/hard\libgcc.a
LOAD D:/ST/STM32CubeIDE_1.17.0/STM32CubeIDE/plugins/com.st.stm32cube.ide.mcu.externaltools.gnu-tools-for-stm32.12.3.rel1.win32_1.1.0.202410251130/tools/bin/../lib/gcc/arm-none-eabi/12.3.1/../../../../arm-none-eabi/lib/thumb/v7e-m+fp/hard\libc_nano.a
LOAD D:/ST/STM32CubeIDE_1.17.0/STM32CubeIDE/plugins/com.st.stm32cube.ide.mcu.externaltools.gnu-tools-for-stm32.12.3.rel1.win32_1.1.0.202410251130/tools/bin/../lib/gcc/arm-none-eabi/12.3.1/../../../../arm-none-eabi/lib/thumb/v7e-m+fp/hard\libnosys.a
END GROUP
LOAD D:/ST/STM32CubeIDE_1.17.0/STM32CubeIDE/plugins/com.st.stm32cube.ide.mcu.externaltools.gnu-tools-for-stm32.12.3.rel1.win32_1.1.0.202410251130/tools/bin/../lib/gcc/arm-none-eabi/12.3.1/thumb/v7e-m+fp/hard/crtend.o
LOAD D:/ST/STM32CubeIDE_1.17.0/STM32CubeIDE/plugins/com.st.stm32cube.ide.mcu.externaltools.gnu-tools-for-stm32.12.3.rel1.win32_1.1.0.202410251130/tools/bin/../lib/gcc/arm-none-eabi/12.3.1/thumb/v7e-m+fp/hard/crtn.o
                0x20020000                        _estack = (ORIGIN (RAM) + LENGTH (RAM))
                0x00000200                        _Min_Heap_Size = 0x200
                0x00000400                        _Min_Stack_Size = 0x400

.isr_vector     0x08000000      0x188
                0x08000000                        . = ALIGN (0x4)
 *(.isr_vector)
 .isr_vector    0x08000000      0x188 ./Core/Startup/startup_stm32f407vetx.o
                0x08000000                g_pfnVectors
                0x08000188                        . = ALIGN (0x4)

.text           0x08000188     0x6674
                0x08000188                        . = ALIGN (0x4)
 *(.text)
 .text          0x08000188       0x40 D:/ST/STM32CubeIDE_1.17.0/STM32CubeIDE/plugins/com.st.stm32cube.ide.mcu.externaltools.gnu-tools-for-stm32.12.3.rel1.win32_1.1.0.202410251130/tools/bin/../lib/gcc/arm-none-eabi/12.3.1/thumb/v7e-m+fp/hard/crtbegin.o
 .text          0x080001c8       0x30 D:/ST/STM32CubeIDE_1.17.0/STM32CubeIDE/plugins/com.st.stm32cube.ide.mcu.externaltools.gnu-tools-for-stm32.12.3.rel1.win32_1.1.0.202410251130/tools/bin/../lib/gcc/arm-none-eabi/12.3.1/thumb/v7e-m+fp/hard\libgcc.a(_aeabi_uldivmod.o)
                0x080001c8                __aeabi_uldivmod
 .text          0x080001f8      0x2bc D:/ST/STM32CubeIDE_1.17.0/STM32CubeIDE/plugins/com.st.stm32cube.ide.mcu.externaltools.gnu-tools-for-stm32.12.3.rel1.win32_1.1.0.202410251130/tools/bin/../lib/gcc/arm-none-eabi/12.3.1/thumb/v7e-m+fp/hard\libgcc.a(_udivmoddi4.o)
                0x080001f8                __udivmoddi4
 .text          0x080004b4        0x4 D:/ST/STM32CubeIDE_1.17.0/STM32CubeIDE/plugins/com.st.stm32cube.ide.mcu.externaltools.gnu-tools-for-stm32.12.3.rel1.win32_1.1.0.202410251130/tools/bin/../lib/gcc/arm-none-eabi/12.3.1/thumb/v7e-m+fp/hard\libgcc.a(_dvmd_tls.o)
                0x080004b4                __aeabi_idiv0
                0x080004b4                __aeabi_ldiv0
 *(.text*)
 .text.main     0x080004b8       0xdc ./Core/Src/main.o
                0x080004b8                main
 .text.get_grados
                0x08000594       0xd8 ./Core/Src/main.o
                0x08000594                get_grados
 .text.read_encoder
                0x0800066c       0xd0 ./Core/Src/main.o
                0x0800066c                read_encoder
 .text.SystemClock_Config
                0x0800073c       0xd0 ./Core/Src/main.o
                0x0800073c                SystemClock_Config
 .text.MX_GPIO_Init
                0x0800080c       0x94 ./Core/Src/main.o
 .text.Error_Handler
                0x080008a0        0xc ./Core/Src/main.o
                0x080008a0                Error_Handler
 .text.HAL_MspInit
                0x080008ac       0x5c ./Core/Src/stm32f4xx_hal_msp.o
                0x080008ac                HAL_MspInit
 .text.NMI_Handler
                0x08000908        0x8 ./Core/Src/stm32f4xx_it.o
                0x08000908                NMI_Handler
 .text.HardFault_Handler
                0x08000910        0x8 ./Core/Src/stm32f4xx_it.o
                0x08000910                HardFault_Handler
 .text.MemManage_Handler
                0x08000918        0x8 ./Core/Src/stm32f4xx_it.o
                0x08000918                MemManage_Handler
 .text.BusFault_Handler
                0x08000920        0x8 ./Core/Src/stm32f4xx_it.o
                0x08000920                BusFault_Handler
 .text.UsageFault_Handler
                0x08000928        0x8 ./Core/Src/stm32f4xx_it.o
                0x08000928                UsageFault_Handler
 .text.SVC_Handler
                0x08000930        0xe ./Core/Src/stm32f4xx_it.o
                0x08000930                SVC_Handler
 .text.DebugMon_Handler
                0x0800093e        0xe ./Core/Src/stm32f4xx_it.o
                0x0800093e                DebugMon_Handler
 .text.PendSV_Handler
                0x0800094c        0xe ./Core/Src/stm32f4xx_it.o
                0x0800094c                PendSV_Handler
 .text.SysTick_Handler
                0x0800095a        0xc ./Core/Src/stm32f4xx_it.o
                0x0800095a                SysTick_Handler
 .text.RCC_IRQHandler
                0x08000966        0xe ./Core/Src/stm32f4xx_it.o
                0x08000966                RCC_IRQHandler
 .text.OTG_FS_IRQHandler
                0x08000974       0x14 ./Core/Src/stm32f4xx_it.o
                0x08000974                OTG_FS_IRQHandler
 .text.SystemInit
                0x08000988       0x24 ./Core/Src/system_stm32f4xx.o
                0x08000988                SystemInit
 .text.Reset_Handler
                0x080009ac       0x50 ./Core/Startup/startup_stm32f407vetx.o
                0x080009ac                Reset_Handler
 .text.Default_Handler
                0x080009fc        0x2 ./Core/Startup/startup_stm32f407vetx.o
                0x080009fc                RTC_Alarm_IRQHandler
                0x080009fc                HASH_RNG_IRQHandler
                0x080009fc                EXTI2_IRQHandler
                0x080009fc                TIM8_CC_IRQHandler
                0x080009fc                TIM1_CC_IRQHandler
                0x080009fc                DMA2_Stream5_IRQHandler
                0x080009fc                DMA1_Stream5_IRQHandler
                0x080009fc                PVD_IRQHandler
                0x080009fc                SDIO_IRQHandler
                0x080009fc                TAMP_STAMP_IRQHandler
                0x080009fc                CAN2_RX1_IRQHandler
                0x080009fc                EXTI3_IRQHandler
                0x080009fc                TIM8_TRG_COM_TIM14_IRQHandler
                0x080009fc                TIM1_UP_TIM10_IRQHandler
                0x080009fc                TIM8_UP_TIM13_IRQHandler
                0x080009fc                I2C3_ER_IRQHandler
                0x080009fc                EXTI0_IRQHandler
                0x080009fc                I2C2_EV_IRQHandler
                0x080009fc                DMA1_Stream2_IRQHandler
                0x080009fc                CAN1_RX0_IRQHandler
                0x080009fc                FPU_IRQHandler
                0x080009fc                OTG_HS_WKUP_IRQHandler
                0x080009fc                CAN2_SCE_IRQHandler
                0x080009fc                DMA2_Stream2_IRQHandler
                0x080009fc                SPI1_IRQHandler
                0x080009fc                TIM6_DAC_IRQHandler
                0x080009fc                TIM1_BRK_TIM9_IRQHandler
                0x080009fc                DCMI_IRQHandler
                0x080009fc                CAN2_RX0_IRQHandler
                0x080009fc                DMA2_Stream3_IRQHandler
                0x080009fc                USART6_IRQHandler
                0x080009fc                USART3_IRQHandler
                0x080009fc                CAN1_RX1_IRQHandler
                0x080009fc                UART5_IRQHandler
                0x080009fc                DMA2_Stream0_IRQHandler
                0x080009fc                TIM4_IRQHandler
                0x080009fc                I2C1_EV_IRQHandler
                0x080009fc                DMA1_Stream6_IRQHandler
                0x080009fc                DMA1_Stream1_IRQHandler
                0x080009fc                UART4_IRQHandler
                0x080009fc                TIM3_IRQHandler
                0x080009fc                TIM8_BRK_TIM12_IRQHandler
                0x080009fc                Default_Handler
                0x080009fc                EXTI15_10_IRQHandler
                0x080009fc                ADC_IRQHandler
                0x080009fc                DMA1_Stream7_IRQHandler
                0x080009fc                TIM7_IRQHandler
                0x080009fc                CAN2_TX_IRQHandler
                0x080009fc                TIM5_IRQHandler
                0x080009fc                DMA2_Stream7_IRQHandler
                0x080009fc                I2C3_EV_IRQHandler
                0x080009fc                EXTI9_5_IRQHandler
                0x080009fc                RTC_WKUP_IRQHandler
                0x080009fc                ETH_WKUP_IRQHandler
                0x080009fc                SPI2_IRQHandler
                0x080009fc                OTG_HS_EP1_IN_IRQHandler
                0x080009fc                DMA1_Stream0_IRQHandler
                0x080009fc                CAN1_TX_IRQHandler
                0x080009fc                EXTI4_IRQHandler
                0x080009fc                FSMC_IRQHandler
                0x080009fc                ETH_IRQHandler
                0x080009fc                OTG_HS_EP1_OUT_IRQHandler
                0x080009fc                WWDG_IRQHandler
                0x080009fc                TIM2_IRQHandler
                0x080009fc                OTG_FS_WKUP_IRQHandler
                0x080009fc                TIM1_TRG_COM_TIM11_IRQHandler
                0x080009fc                OTG_HS_IRQHandler
                0x080009fc                EXTI1_IRQHandler
                0x080009fc                USART2_IRQHandler
                0x080009fc                I2C2_ER_IRQHandler
                0x080009fc                DMA2_Stream1_IRQHandler
                0x080009fc                CAN1_SCE_IRQHandler
                0x080009fc                FLASH_IRQHandler
                0x080009fc                DMA2_Stream4_IRQHandler
                0x080009fc                USART1_IRQHandler
                0x080009fc                SPI3_IRQHandler
                0x080009fc                DMA1_Stream4_IRQHandler
                0x080009fc                I2C1_ER_IRQHandler
                0x080009fc                DMA2_Stream6_IRQHandler
                0x080009fc                DMA1_Stream3_IRQHandler
 *fill*         0x080009fe        0x2 
 .text.HAL_Init
                0x08000a00       0x44 ./Drivers/STM32F4xx_HAL_Driver/Src/stm32f4xx_hal.o
                0x08000a00                HAL_Init
 .text.HAL_InitTick
                0x08000a44       0x60 ./Drivers/STM32F4xx_HAL_Driver/Src/stm32f4xx_hal.o
                0x08000a44                HAL_InitTick
 .text.HAL_IncTick
                0x08000aa4       0x28 ./Drivers/STM32F4xx_HAL_Driver/Src/stm32f4xx_hal.o
                0x08000aa4                HAL_IncTick
 .text.HAL_GetTick
                0x08000acc       0x18 ./Drivers/STM32F4xx_HAL_Driver/Src/stm32f4xx_hal.o
                0x08000acc                HAL_GetTick
 .text.HAL_Delay
                0x08000ae4       0x48 ./Drivers/STM32F4xx_HAL_Driver/Src/stm32f4xx_hal.o
                0x08000ae4                HAL_Delay
 .text.__NVIC_SetPriorityGrouping
                0x08000b2c       0x48 ./Drivers/STM32F4xx_HAL_Driver/Src/stm32f4xx_hal_cortex.o
 .text.__NVIC_GetPriorityGrouping
                0x08000b74       0x1c ./Drivers/STM32F4xx_HAL_Driver/Src/stm32f4xx_hal_cortex.o
 .text.__NVIC_EnableIRQ
                0x08000b90       0x3c ./Drivers/STM32F4xx_HAL_Driver/Src/stm32f4xx_hal_cortex.o
 .text.__NVIC_SetPriority
                0x08000bcc       0x54 ./Drivers/STM32F4xx_HAL_Driver/Src/stm32f4xx_hal_cortex.o
 .text.NVIC_EncodePriority
                0x08000c20       0x66 ./Drivers/STM32F4xx_HAL_Driver/Src/stm32f4xx_hal_cortex.o
 *fill*         0x08000c86        0x2 
 .text.SysTick_Config
                0x08000c88       0x44 ./Drivers/STM32F4xx_HAL_Driver/Src/stm32f4xx_hal_cortex.o
 .text.HAL_NVIC_SetPriorityGrouping
                0x08000ccc       0x16 ./Drivers/STM32F4xx_HAL_Driver/Src/stm32f4xx_hal_cortex.o
                0x08000ccc                HAL_NVIC_SetPriorityGrouping
 .text.HAL_NVIC_SetPriority
                0x08000ce2       0x38 ./Drivers/STM32F4xx_HAL_Driver/Src/stm32f4xx_hal_cortex.o
                0x08000ce2                HAL_NVIC_SetPriority
 .text.HAL_NVIC_EnableIRQ
                0x08000d1a       0x1c ./Drivers/STM32F4xx_HAL_Driver/Src/stm32f4xx_hal_cortex.o
                0x08000d1a                HAL_NVIC_EnableIRQ
 .text.HAL_SYSTICK_Config
                0x08000d36       0x18 ./Drivers/STM32F4xx_HAL_Driver/Src/stm32f4xx_hal_cortex.o
                0x08000d36                HAL_SYSTICK_Config
 *fill*         0x08000d4e        0x2 
 .text.HAL_GPIO_Init
                0x08000d50      0x338 ./Drivers/STM32F4xx_HAL_Driver/Src/stm32f4xx_hal_gpio.o
                0x08000d50                HAL_GPIO_Init
 .text.HAL_GPIO_ReadPin
                0x08001088       0x30 ./Drivers/STM32F4xx_HAL_Driver/Src/stm32f4xx_hal_gpio.o
                0x08001088                HAL_GPIO_ReadPin
 .text.HAL_PCD_Init
                0x080010b8      0x21e ./Drivers/STM32F4xx_HAL_Driver/Src/stm32f4xx_hal_pcd.o
                0x080010b8                HAL_PCD_Init
 .text.HAL_PCD_Start
                0x080012d6       0x6a ./Drivers/STM32F4xx_HAL_Driver/Src/stm32f4xx_hal_pcd.o
                0x080012d6                HAL_PCD_Start
 .text.HAL_PCD_IRQHandler
                0x08001340      0x942 ./Drivers/STM32F4xx_HAL_Driver/Src/stm32f4xx_hal_pcd.o
                0x08001340                HAL_PCD_IRQHandler
 .text.HAL_PCD_SetAddress
                0x08001c82       0x48 ./Drivers/STM32F4xx_HAL_Driver/Src/stm32f4xx_hal_pcd.o
                0x08001c82                HAL_PCD_SetAddress
 .text.HAL_PCD_EP_Open
                0x08001cca       0xd4 ./Drivers/STM32F4xx_HAL_Driver/Src/stm32f4xx_hal_pcd.o
                0x08001cca                HAL_PCD_EP_Open
 .text.HAL_PCD_EP_Close
                0x08001d9e       0x94 ./Drivers/STM32F4xx_HAL_Driver/Src/stm32f4xx_hal_pcd.o
                0x08001d9e                HAL_PCD_EP_Close
 .text.HAL_PCD_EP_Receive
                0x08001e32       0x76 ./Drivers/STM32F4xx_HAL_Driver/Src/stm32f4xx_hal_pcd.o
                0x08001e32                HAL_PCD_EP_Receive
 .text.HAL_PCD_EP_Transmit
                0x08001ea8       0x74 ./Drivers/STM32F4xx_HAL_Driver/Src/stm32f4xx_hal_pcd.o
                0x08001ea8                HAL_PCD_EP_Transmit
 .text.HAL_PCD_EP_SetStall
                0x08001f1c       0xc6 ./Drivers/STM32F4xx_HAL_Driver/Src/stm32f4xx_hal_pcd.o
                0x08001f1c                HAL_PCD_EP_SetStall
 .text.HAL_PCD_EP_ClrStall
                0x08001fe2       0xac ./Drivers/STM32F4xx_HAL_Driver/Src/stm32f4xx_hal_pcd.o
                0x08001fe2                HAL_PCD_EP_ClrStall
 .text.HAL_PCD_EP_Abort
                0x0800208e       0x62 ./Drivers/STM32F4xx_HAL_Driver/Src/stm32f4xx_hal_pcd.o
                0x0800208e                HAL_PCD_EP_Abort
 .text.PCD_WriteEmptyTxFifo
                0x080020f0      0x118 ./Drivers/STM32F4xx_HAL_Driver/Src/stm32f4xx_hal_pcd.o
 .text.PCD_EP_OutXfrComplete_int
                0x08002208      0x1d0 ./Drivers/STM32F4xx_HAL_Driver/Src/stm32f4xx_hal_pcd.o
 .text.PCD_EP_OutSetupPacket_int
                0x080023d8       0x8c ./Drivers/STM32F4xx_HAL_Driver/Src/stm32f4xx_hal_pcd.o
 .text.HAL_PCDEx_SetTxFiFo
                0x08002464       0x8e ./Drivers/STM32F4xx_HAL_Driver/Src/stm32f4xx_hal_pcd_ex.o
                0x08002464                HAL_PCDEx_SetTxFiFo
 .text.HAL_PCDEx_SetRxFiFo
                0x080024f2       0x22 ./Drivers/STM32F4xx_HAL_Driver/Src/stm32f4xx_hal_pcd_ex.o
                0x080024f2                HAL_PCDEx_SetRxFiFo
 .text.HAL_PCDEx_LPM_Callback
                0x08002514       0x18 ./Drivers/STM32F4xx_HAL_Driver/Src/stm32f4xx_hal_pcd_ex.o
                0x08002514                HAL_PCDEx_LPM_Callback
 .text.HAL_RCC_OscConfig
                0x0800252c      0x4f0 ./Drivers/STM32F4xx_HAL_Driver/Src/stm32f4xx_hal_rcc.o
                0x0800252c                HAL_RCC_OscConfig
 .text.HAL_RCC_ClockConfig
                0x08002a1c      0x1cc ./Drivers/STM32F4xx_HAL_Driver/Src/stm32f4xx_hal_rcc.o
                0x08002a1c                HAL_RCC_ClockConfig
 .text.HAL_RCC_GetSysClockFreq
                0x08002be8      0x20c ./Drivers/STM32F4xx_HAL_Driver/Src/stm32f4xx_hal_rcc.o
                0x08002be8                HAL_RCC_GetSysClockFreq
 .text.HAL_RCC_GetHCLKFreq
                0x08002df4       0x18 ./Drivers/STM32F4xx_HAL_Driver/Src/stm32f4xx_hal_rcc.o
                0x08002df4                HAL_RCC_GetHCLKFreq
 .text.USB_CoreInit
                0x08002e0c       0xc8 ./Drivers/STM32F4xx_HAL_Driver/Src/stm32f4xx_ll_usb.o
                0x08002e0c                USB_CoreInit
 .text.USB_SetTurnaroundTime
                0x08002ed4      0x144 ./Drivers/STM32F4xx_HAL_Driver/Src/stm32f4xx_ll_usb.o
                0x08002ed4                USB_SetTurnaroundTime
 .text.USB_EnableGlobalInt
                0x08003018       0x22 ./Drivers/STM32F4xx_HAL_Driver/Src/stm32f4xx_ll_usb.o
                0x08003018                USB_EnableGlobalInt
 .text.USB_DisableGlobalInt
                0x0800303a       0x22 ./Drivers/STM32F4xx_HAL_Driver/Src/stm32f4xx_ll_usb.o
                0x0800303a                USB_DisableGlobalInt
 .text.USB_SetCurrentMode
                0x0800305c       0x98 ./Drivers/STM32F4xx_HAL_Driver/Src/stm32f4xx_ll_usb.o
                0x0800305c                USB_SetCurrentMode
 .text.USB_DevInit
                0x080030f4      0x2c8 ./Drivers/STM32F4xx_HAL_Driver/Src/stm32f4xx_ll_usb.o
                0x080030f4                USB_DevInit
 .text.USB_FlushTxFifo
                0x080033bc       0x64 ./Drivers/STM32F4xx_HAL_Driver/Src/stm32f4xx_ll_usb.o
                0x080033bc                USB_FlushTxFifo
 .text.USB_FlushRxFifo
                0x08003420       0x5c ./Drivers/STM32F4xx_HAL_Driver/Src/stm32f4xx_ll_usb.o
                0x08003420                USB_FlushRxFifo
 .text.USB_SetDevSpeed
                0x0800347c       0x32 ./Drivers/STM32F4xx_HAL_Driver/Src/stm32f4xx_ll_usb.o
                0x0800347c                USB_SetDevSpeed
 .text.USB_GetDevSpeed
                0x080034ae       0x4a ./Drivers/STM32F4xx_HAL_Driver/Src/stm32f4xx_ll_usb.o
                0x080034ae                USB_GetDevSpeed
 .text.USB_ActivateEndpoint
                0x080034f8      0x10e ./Drivers/STM32F4xx_HAL_Driver/Src/stm32f4xx_ll_usb.o
                0x080034f8                USB_ActivateEndpoint
 *fill*         0x08003606        0x2 
 .text.USB_DeactivateEndpoint
                0x08003608      0x1b8 ./Drivers/STM32F4xx_HAL_Driver/Src/stm32f4xx_ll_usb.o
                0x08003608                USB_DeactivateEndpoint
 .text.USB_EPStartXfer
                0x080037c0      0x53c ./Drivers/STM32F4xx_HAL_Driver/Src/stm32f4xx_ll_usb.o
                0x080037c0                USB_EPStartXfer
 .text.USB_EPStopXfer
                0x08003cfc      0x154 ./Drivers/STM32F4xx_HAL_Driver/Src/stm32f4xx_ll_usb.o
                0x08003cfc                USB_EPStopXfer
 .text.USB_WritePacket
                0x08003e50       0x7c ./Drivers/STM32F4xx_HAL_Driver/Src/stm32f4xx_ll_usb.o
                0x08003e50                USB_WritePacket
 .text.USB_ReadPacket
                0x08003ecc       0xb0 ./Drivers/STM32F4xx_HAL_Driver/Src/stm32f4xx_ll_usb.o
                0x08003ecc                USB_ReadPacket
 .text.USB_EPSetStall
                0x08003f7c       0xdc ./Drivers/STM32F4xx_HAL_Driver/Src/stm32f4xx_ll_usb.o
                0x08003f7c                USB_EPSetStall
 .text.USB_EPClearStall
                0x08004058       0xcc ./Drivers/STM32F4xx_HAL_Driver/Src/stm32f4xx_ll_usb.o
                0x08004058                USB_EPClearStall
 .text.USB_SetDevAddress
                0x08004124       0x4c ./Drivers/STM32F4xx_HAL_Driver/Src/stm32f4xx_ll_usb.o
                0x08004124                USB_SetDevAddress
 .text.USB_DevConnect
                0x08004170       0x42 ./Drivers/STM32F4xx_HAL_Driver/Src/stm32f4xx_ll_usb.o
                0x08004170                USB_DevConnect
 .text.USB_DevDisconnect
                0x080041b2       0x42 ./Drivers/STM32F4xx_HAL_Driver/Src/stm32f4xx_ll_usb.o
                0x080041b2                USB_DevDisconnect
 .text.USB_ReadInterrupts
                0x080041f4       0x26 ./Drivers/STM32F4xx_HAL_Driver/Src/stm32f4xx_ll_usb.o
                0x080041f4                USB_ReadInterrupts
 .text.USB_ReadDevAllOutEpInterrupt
                0x0800421a       0x34 ./Drivers/STM32F4xx_HAL_Driver/Src/stm32f4xx_ll_usb.o
                0x0800421a                USB_ReadDevAllOutEpInterrupt
 .text.USB_ReadDevAllInEpInterrupt
                0x0800424e       0x34 ./Drivers/STM32F4xx_HAL_Driver/Src/stm32f4xx_ll_usb.o
                0x0800424e                USB_ReadDevAllInEpInterrupt
 .text.USB_ReadDevOutEPInterrupt
                0x08004282       0x3c ./Drivers/STM32F4xx_HAL_Driver/Src/stm32f4xx_ll_usb.o
                0x08004282                USB_ReadDevOutEPInterrupt
 .text.USB_ReadDevInEPInterrupt
                0x080042be       0x5c ./Drivers/STM32F4xx_HAL_Driver/Src/stm32f4xx_ll_usb.o
                0x080042be                USB_ReadDevInEPInterrupt
 .text.USB_GetMode
                0x0800431a       0x1c ./Drivers/STM32F4xx_HAL_Driver/Src/stm32f4xx_ll_usb.o
                0x0800431a                USB_GetMode
 .text.USB_ActivateSetup
                0x08004336       0x46 ./Drivers/STM32F4xx_HAL_Driver/Src/stm32f4xx_ll_usb.o
                0x08004336                USB_ActivateSetup
 .text.USB_EP0_OutStart
                0x0800437c       0xbc ./Drivers/STM32F4xx_HAL_Driver/Src/stm32f4xx_ll_usb.o
                0x0800437c                USB_EP0_OutStart
 .text.USB_CoreReset
                0x08004438       0x62 ./Drivers/STM32F4xx_HAL_Driver/Src/stm32f4xx_ll_usb.o
 *fill*         0x0800449a        0x2 
 .text.USBD_HID_Init
                0x0800449c       0xcc ./Middlewares/ST/STM32_USB_Device_Library/Class/HID/Src/usbd_hid.o
 .text.USBD_HID_DeInit
                0x08004568       0x90 ./Middlewares/ST/STM32_USB_Device_Library/Class/HID/Src/usbd_hid.o
 .text.USBD_HID_Setup
                0x080045f8      0x210 ./Middlewares/ST/STM32_USB_Device_Library/Class/HID/Src/usbd_hid.o
 .text.USBD_HID_SendReport
                0x08004808       0x60 ./Middlewares/ST/STM32_USB_Device_Library/Class/HID/Src/usbd_hid.o
                0x08004808                USBD_HID_SendReport
 .text.USBD_HID_GetFSCfgDesc
                0x08004868       0x34 ./Middlewares/ST/STM32_USB_Device_Library/Class/HID/Src/usbd_hid.o
 .text.USBD_HID_GetHSCfgDesc
                0x0800489c       0x34 ./Middlewares/ST/STM32_USB_Device_Library/Class/HID/Src/usbd_hid.o
 .text.USBD_HID_GetOtherSpeedCfgDesc
                0x080048d0       0x34 ./Middlewares/ST/STM32_USB_Device_Library/Class/HID/Src/usbd_hid.o
 .text.USBD_HID_DataIn
                0x08004904       0x2c ./Middlewares/ST/STM32_USB_Device_Library/Class/HID/Src/usbd_hid.o
 .text.USBD_HID_GetDeviceQualifierDesc
                0x08004930       0x20 ./Middlewares/ST/STM32_USB_Device_Library/Class/HID/Src/usbd_hid.o
 .text.USBD_Init
                0x08004950       0x60 ./Middlewares/ST/STM32_USB_Device_Library/Core/Src/usbd_core.o
                0x08004950                USBD_Init
 .text.USBD_RegisterClass
                0x080049b0       0x6c ./Middlewares/ST/STM32_USB_Device_Library/Core/Src/usbd_core.o
                0x080049b0                USBD_RegisterClass
 .text.USBD_Start
                0x08004a1c       0x18 ./Middlewares/ST/STM32_USB_Device_Library/Core/Src/usbd_core.o
                0x08004a1c                USBD_Start
 .text.USBD_RunTestMode
                0x08004a34       0x16 ./Middlewares/ST/STM32_USB_Device_Library/Core/Src/usbd_core.o
                0x08004a34                USBD_RunTestMode
 .text.USBD_SetClassConfig
                0x08004a4a       0x38 ./Middlewares/ST/STM32_USB_Device_Library/Core/Src/usbd_core.o
                0x08004a4a                USBD_SetClassConfig
 .text.USBD_ClrClassConfig
                0x08004a82       0x34 ./Middlewares/ST/STM32_USB_Device_Library/Core/Src/usbd_core.o
                0x08004a82                USBD_ClrClassConfig
 .text.USBD_LL_SetupStage
                0x08004ab6       0xaa ./Middlewares/ST/STM32_USB_Device_Library/Core/Src/usbd_core.o
                0x08004ab6                USBD_LL_SetupStage
 .text.USBD_LL_DataOutStage
                0x08004b60      0x166 ./Middlewares/ST/STM32_USB_Device_Library/Core/Src/usbd_core.o
                0x08004b60                USBD_LL_DataOutStage
 .text.USBD_LL_DataInStage
                0x08004cc6      0x164 ./Middlewares/ST/STM32_USB_Device_Library/Core/Src/usbd_core.o
                0x08004cc6                USBD_LL_DataInStage
 .text.USBD_LL_Reset
                0x08004e2a       0xa4 ./Middlewares/ST/STM32_USB_Device_Library/Core/Src/usbd_core.o
                0x08004e2a                USBD_LL_Reset
 .text.USBD_LL_SetSpeed
                0x08004ece       0x20 ./Middlewares/ST/STM32_USB_Device_Library/Core/Src/usbd_core.o
                0x08004ece                USBD_LL_SetSpeed
 .text.USBD_LL_Suspend
                0x08004eee       0x38 ./Middlewares/ST/STM32_USB_Device_Library/Core/Src/usbd_core.o
                0x08004eee                USBD_LL_Suspend
 .text.USBD_LL_Resume
                0x08004f26       0x30 ./Middlewares/ST/STM32_USB_Device_Library/Core/Src/usbd_core.o
                0x08004f26                USBD_LL_Resume
 .text.USBD_LL_SOF
                0x08004f56       0x40 ./Middlewares/ST/STM32_USB_Device_Library/Core/Src/usbd_core.o
                0x08004f56                USBD_LL_SOF
 .text.USBD_LL_IsoINIncomplete
                0x08004f96       0x64 ./Middlewares/ST/STM32_USB_Device_Library/Core/Src/usbd_core.o
                0x08004f96                USBD_LL_IsoINIncomplete
 .text.USBD_LL_IsoOUTIncomplete
                0x08004ffa       0x64 ./Middlewares/ST/STM32_USB_Device_Library/Core/Src/usbd_core.o
                0x08004ffa                USBD_LL_IsoOUTIncomplete
 .text.USBD_LL_DevConnected
                0x0800505e       0x16 ./Middlewares/ST/STM32_USB_Device_Library/Core/Src/usbd_core.o
                0x0800505e                USBD_LL_DevConnected
 .text.USBD_LL_DevDisconnected
                0x08005074       0x46 ./Middlewares/ST/STM32_USB_Device_Library/Core/Src/usbd_core.o
                0x08005074                USBD_LL_DevDisconnected
 .text.USBD_CoreFindIF
                0x080050ba       0x1a ./Middlewares/ST/STM32_USB_Device_Library/Core/Src/usbd_core.o
                0x080050ba                USBD_CoreFindIF
 .text.USBD_CoreFindEP
                0x080050d4       0x1a ./Middlewares/ST/STM32_USB_Device_Library/Core/Src/usbd_core.o
                0x080050d4                USBD_CoreFindEP
 .text.USBD_GetEpDesc
                0x080050ee       0x70 ./Middlewares/ST/STM32_USB_Device_Library/Core/Src/usbd_core.o
                0x080050ee                USBD_GetEpDesc
 .text.USBD_GetNextDesc
                0x0800515e       0x38 ./Middlewares/ST/STM32_USB_Device_Library/Core/Src/usbd_core.o
                0x0800515e                USBD_GetNextDesc
 .text.SWAPBYTE
                0x08005196       0x3c ./Middlewares/ST/STM32_USB_Device_Library/Core/Src/usbd_ctlreq.o
 *fill*         0x080051d2        0x2 
 .text.USBD_StdDevReq
                0x080051d4       0xe4 ./Middlewares/ST/STM32_USB_Device_Library/Core/Src/usbd_ctlreq.o
                0x080051d4                USBD_StdDevReq
 .text.USBD_StdItfReq
                0x080052b8       0xd8 ./Middlewares/ST/STM32_USB_Device_Library/Core/Src/usbd_ctlreq.o
                0x080052b8                USBD_StdItfReq
 .text.USBD_StdEPReq
                0x08005390      0x33a ./Middlewares/ST/STM32_USB_Device_Library/Core/Src/usbd_ctlreq.o
                0x08005390                USBD_StdEPReq
 *fill*         0x080056ca        0x2 
 .text.USBD_GetDescriptor
                0x080056cc      0x2d4 ./Middlewares/ST/STM32_USB_Device_Library/Core/Src/usbd_ctlreq.o
 .text.USBD_SetAddress
                0x080059a0       0x88 ./Middlewares/ST/STM32_USB_Device_Library/Core/Src/usbd_ctlreq.o
 .text.USBD_SetConfig
                0x08005a28      0x154 ./Middlewares/ST/STM32_USB_Device_Library/Core/Src/usbd_ctlreq.o
 .text.USBD_GetConfig
                0x08005b7c       0x6c ./Middlewares/ST/STM32_USB_Device_Library/Core/Src/usbd_ctlreq.o
 .text.USBD_GetStatus
                0x08005be8       0x68 ./Middlewares/ST/STM32_USB_Device_Library/Core/Src/usbd_ctlreq.o
 .text.USBD_SetFeature
                0x08005c50       0x52 ./Middlewares/ST/STM32_USB_Device_Library/Core/Src/usbd_ctlreq.o
 .text.USBD_ClrFeature
                0x08005ca2       0x44 ./Middlewares/ST/STM32_USB_Device_Library/Core/Src/usbd_ctlreq.o
 .text.USBD_ParseSetupRequest
                0x08005ce6       0x74 ./Middlewares/ST/STM32_USB_Device_Library/Core/Src/usbd_ctlreq.o
                0x08005ce6                USBD_ParseSetupRequest
 .text.USBD_CtlError
                0x08005d5a       0x22 ./Middlewares/ST/STM32_USB_Device_Library/Core/Src/usbd_ctlreq.o
                0x08005d5a                USBD_CtlError
 .text.USBD_GetString
                0x08005d7c       0xa4 ./Middlewares/ST/STM32_USB_Device_Library/Core/Src/usbd_ctlreq.o
                0x08005d7c                USBD_GetString
 .text.USBD_GetLen
                0x08005e20       0x34 ./Middlewares/ST/STM32_USB_Device_Library/Core/Src/usbd_ctlreq.o
 .text.USBD_CtlSendData
                0x08005e54       0x36 ./Middlewares/ST/STM32_USB_Device_Library/Core/Src/usbd_ioreq.o
                0x08005e54                USBD_CtlSendData
 .text.USBD_CtlContinueSendData
                0x08005e8a       0x22 ./Middlewares/ST/STM32_USB_Device_Library/Core/Src/usbd_ioreq.o
                0x08005e8a                USBD_CtlContinueSendData
 .text.USBD_CtlContinueRx
                0x08005eac       0x22 ./Middlewares/ST/STM32_USB_Device_Library/Core/Src/usbd_ioreq.o
                0x08005eac                USBD_CtlContinueRx
 .text.USBD_CtlSendStatus
                0x08005ece       0x26 ./Middlewares/ST/STM32_USB_Device_Library/Core/Src/usbd_ioreq.o
                0x08005ece                USBD_CtlSendStatus
 .text.USBD_CtlReceiveStatus
                0x08005ef4       0x26 ./Middlewares/ST/STM32_USB_Device_Library/Core/Src/usbd_ioreq.o
                0x08005ef4                USBD_CtlReceiveStatus
 *fill*         0x08005f1a        0x2 
 .text.MX_USB_DEVICE_Init
                0x08005f1c       0x4c ./USB_DEVICE/App/usb_device.o
                0x08005f1c                MX_USB_DEVICE_Init
 .text.USBD_FS_DeviceDescriptor
                0x08005f68       0x24 ./USB_DEVICE/App/usbd_desc.o
                0x08005f68                USBD_FS_DeviceDescriptor
 .text.USBD_FS_LangIDStrDescriptor
                0x08005f8c       0x24 ./USB_DEVICE/App/usbd_desc.o
                0x08005f8c                USBD_FS_LangIDStrDescriptor
 .text.USBD_FS_ProductStrDescriptor
                0x08005fb0       0x3c ./USB_DEVICE/App/usbd_desc.o
                0x08005fb0                USBD_FS_ProductStrDescriptor
 .text.USBD_FS_ManufacturerStrDescriptor
                0x08005fec       0x28 ./USB_DEVICE/App/usbd_desc.o
                0x08005fec                USBD_FS_ManufacturerStrDescriptor
 .text.USBD_FS_SerialStrDescriptor
                0x08006014       0x24 ./USB_DEVICE/App/usbd_desc.o
                0x08006014                USBD_FS_SerialStrDescriptor
 .text.USBD_FS_ConfigStrDescriptor
                0x08006038       0x3c ./USB_DEVICE/App/usbd_desc.o
                0x08006038                USBD_FS_ConfigStrDescriptor
 .text.USBD_FS_InterfaceStrDescriptor
                0x08006074       0x3c ./USB_DEVICE/App/usbd_desc.o
                0x08006074                USBD_FS_InterfaceStrDescriptor
 .text.Get_SerialNum
                0x080060b0       0x58 ./USB_DEVICE/App/usbd_desc.o
 .text.IntToUnicode
                0x08006108       0x7e ./USB_DEVICE/App/usbd_desc.o
 *fill*         0x08006186        0x2 
 .text.HAL_PCD_MspInit
                0x08006188       0xa8 ./USB_DEVICE/Target/usbd_conf.o
                0x08006188                HAL_PCD_MspInit
 .text.HAL_PCD_SetupStageCallback
                0x08006230       0x24 ./USB_DEVICE/Target/usbd_conf.o
                0x08006230                HAL_PCD_SetupStageCallback
 .text.HAL_PCD_DataOutStageCallback
                0x08006254       0x36 ./USB_DEVICE/Target/usbd_conf.o
                0x08006254                HAL_PCD_DataOutStageCallback
 .text.HAL_PCD_DataInStageCallback
                0x0800628a       0x34 ./USB_DEVICE/Target/usbd_conf.o
                0x0800628a                HAL_PCD_DataInStageCallback
 .text.HAL_PCD_SOFCallback
                0x080062be       0x1c ./USB_DEVICE/Target/usbd_conf.o
                0x080062be                HAL_PCD_SOFCallback
 .text.HAL_PCD_ResetCallback
                0x080062da       0x50 ./USB_DEVICE/Target/usbd_conf.o
                0x080062da                HAL_PCD_ResetCallback
 *fill*         0x0800632a        0x2 
 .text.HAL_PCD_SuspendCallback
                0x0800632c       0x4c ./USB_DEVICE/Target/usbd_conf.o
                0x0800632c                HAL_PCD_SuspendCallback
 .text.HAL_PCD_ResumeCallback
                0x08006378       0x1c ./USB_DEVICE/Target/usbd_conf.o
                0x08006378                HAL_PCD_ResumeCallback
 .text.HAL_PCD_ISOOUTIncompleteCallback
                0x08006394       0x24 ./USB_DEVICE/Target/usbd_conf.o
                0x08006394                HAL_PCD_ISOOUTIncompleteCallback
 .text.HAL_PCD_ISOINIncompleteCallback
                0x080063b8       0x24 ./USB_DEVICE/Target/usbd_conf.o
                0x080063b8                HAL_PCD_ISOINIncompleteCallback
 .text.HAL_PCD_ConnectCallback
                0x080063dc       0x1c ./USB_DEVICE/Target/usbd_conf.o
                0x080063dc                HAL_PCD_ConnectCallback
 .text.HAL_PCD_DisconnectCallback
                0x080063f8       0x1c ./USB_DEVICE/Target/usbd_conf.o
                0x080063f8                HAL_PCD_DisconnectCallback
 .text.USBD_LL_Init
                0x08006414       0x98 ./USB_DEVICE/Target/usbd_conf.o
                0x08006414                USBD_LL_Init
 .text.USBD_LL_Start
                0x080064ac       0x36 ./USB_DEVICE/Target/usbd_conf.o
                0x080064ac                USBD_LL_Start
 .text.USBD_LL_OpenEP
                0x080064e2       0x4c ./USB_DEVICE/Target/usbd_conf.o
                0x080064e2                USBD_LL_OpenEP
 .text.USBD_LL_CloseEP
                0x0800652e       0x3e ./USB_DEVICE/Target/usbd_conf.o
                0x0800652e                USBD_LL_CloseEP
 .text.USBD_LL_StallEP
                0x0800656c       0x3e ./USB_DEVICE/Target/usbd_conf.o
                0x0800656c                USBD_LL_StallEP
 .text.USBD_LL_ClearStallEP
                0x080065aa       0x3e ./USB_DEVICE/Target/usbd_conf.o
                0x080065aa                USBD_LL_ClearStallEP
 .text.USBD_LL_IsStallEP
                0x080065e8       0x58 ./USB_DEVICE/Target/usbd_conf.o
                0x080065e8                USBD_LL_IsStallEP
 .text.USBD_LL_SetUSBAddress
                0x08006640       0x3e ./USB_DEVICE/Target/usbd_conf.o
                0x08006640                USBD_LL_SetUSBAddress
 .text.USBD_LL_Transmit
                0x0800667e       0x42 ./USB_DEVICE/Target/usbd_conf.o
                0x0800667e                USBD_LL_Transmit
 .text.USBD_LL_PrepareReceive
                0x080066c0       0x42 ./USB_DEVICE/Target/usbd_conf.o
                0x080066c0                USBD_LL_PrepareReceive
 *fill*         0x08006702        0x2 
 .text.USBD_static_malloc
                0x08006704       0x1c ./USB_DEVICE/Target/usbd_conf.o
                0x08006704                USBD_static_malloc
 .text.USBD_static_free
                0x08006720       0x14 ./USB_DEVICE/Target/usbd_conf.o
                0x08006720                USBD_static_free
 .text.USBD_Get_USB_Status
                0x08006734       0x58 ./USB_DEVICE/Target/usbd_conf.o
                0x08006734                USBD_Get_USB_Status
 .text.memset   0x0800678c       0x10 D:/ST/STM32CubeIDE_1.17.0/STM32CubeIDE/plugins/com.st.stm32cube.ide.mcu.externaltools.gnu-tools-for-stm32.12.3.rel1.win32_1.1.0.202410251130/tools/bin/../lib/gcc/arm-none-eabi/12.3.1/../../../../arm-none-eabi/lib/thumb/v7e-m+fp/hard\libc_nano.a(libc_a-memset.o)
                0x0800678c                memset
 .text.__libc_init_array
                0x0800679c       0x48 D:/ST/STM32CubeIDE_1.17.0/STM32CubeIDE/plugins/com.st.stm32cube.ide.mcu.externaltools.gnu-tools-for-stm32.12.3.rel1.win32_1.1.0.202410251130/tools/bin/../lib/gcc/arm-none-eabi/12.3.1/../../../../arm-none-eabi/lib/thumb/v7e-m+fp/hard\libc_nano.a(libc_a-init.o)
                0x0800679c                __libc_init_array
 *(.glue_7)
 .glue_7        0x080067e4        0x0 linker stubs
 *(.glue_7t)
 .glue_7t       0x080067e4        0x0 linker stubs
 *(.eh_frame)
 .eh_frame      0x080067e4        0x0 D:/ST/STM32CubeIDE_1.17.0/STM32CubeIDE/plugins/com.st.stm32cube.ide.mcu.externaltools.gnu-tools-for-stm32.12.3.rel1.win32_1.1.0.202410251130/tools/bin/../lib/gcc/arm-none-eabi/12.3.1/thumb/v7e-m+fp/hard/crtbegin.o
 *(.init)
 .init          0x080067e4        0x4 D:/ST/STM32CubeIDE_1.17.0/STM32CubeIDE/plugins/com.st.stm32cube.ide.mcu.externaltools.gnu-tools-for-stm32.12.3.rel1.win32_1.1.0.202410251130/tools/bin/../lib/gcc/arm-none-eabi/12.3.1/thumb/v7e-m+fp/hard/crti.o
                0x080067e4                _init
 .init          0x080067e8        0x8 D:/ST/STM32CubeIDE_1.17.0/STM32CubeIDE/plugins/com.st.stm32cube.ide.mcu.externaltools.gnu-tools-for-stm32.12.3.rel1.win32_1.1.0.202410251130/tools/bin/../lib/gcc/arm-none-eabi/12.3.1/thumb/v7e-m+fp/hard/crtn.o
 *(.fini)
 .fini          0x080067f0        0x4 D:/ST/STM32CubeIDE_1.17.0/STM32CubeIDE/plugins/com.st.stm32cube.ide.mcu.externaltools.gnu-tools-for-stm32.12.3.rel1.win32_1.1.0.202410251130/tools/bin/../lib/gcc/arm-none-eabi/12.3.1/thumb/v7e-m+fp/hard/crti.o
                0x080067f0                _fini
 .fini          0x080067f4        0x8 D:/ST/STM32CubeIDE_1.17.0/STM32CubeIDE/plugins/com.st.stm32cube.ide.mcu.externaltools.gnu-tools-for-stm32.12.3.rel1.win32_1.1.0.202410251130/tools/bin/../lib/gcc/arm-none-eabi/12.3.1/thumb/v7e-m+fp/hard/crtn.o
                0x080067fc                        . = ALIGN (0x4)
                0x080067fc                        _etext = .

.vfp11_veneer   0x080067fc        0x0
 .vfp11_veneer  0x080067fc        0x0 linker stubs

.v4_bx          0x080067fc        0x0
 .v4_bx         0x080067fc        0x0 linker stubs

.iplt           0x080067fc        0x0
 .iplt          0x080067fc        0x0 D:/ST/STM32CubeIDE_1.17.0/STM32CubeIDE/plugins/com.st.stm32cube.ide.mcu.externaltools.gnu-tools-for-stm32.12.3.rel1.win32_1.1.0.202410251130/tools/bin/../lib/gcc/arm-none-eabi/12.3.1/thumb/v7e-m+fp/hard/crtbegin.o

.rodata         0x080067fc       0x58
                0x080067fc                        . = ALIGN (0x4)
 *(.rodata)
 .rodata        0x080067fc       0x46 ./USB_DEVICE/App/usbd_desc.o
 *(.rodata*)
 *fill*         0x08006842        0x2 
 .rodata.AHBPrescTable
                0x08006844       0x10 ./Core/Src/system_stm32f4xx.o
                0x08006844                AHBPrescTable
                0x08006854                        . = ALIGN (0x4)

.ARM.extab      0x08006854        0x0
                0x08006854                        . = ALIGN (0x4)
 *(.ARM.extab* .gnu.linkonce.armextab.*)
                0x08006854                        . = ALIGN (0x4)

.ARM            0x08006854        0x8
                0x08006854                        . = ALIGN (0x4)
                0x08006854                        __exidx_start = .
 *(.ARM.exidx*)
 .ARM.exidx     0x08006854        0x8 D:/ST/STM32CubeIDE_1.17.0/STM32CubeIDE/plugins/com.st.stm32cube.ide.mcu.externaltools.gnu-tools-for-stm32.12.3.rel1.win32_1.1.0.202410251130/tools/bin/../lib/gcc/arm-none-eabi/12.3.1/thumb/v7e-m+fp/hard\libgcc.a(_udivmoddi4.o)
                0x0800685c                        __exidx_end = .
                0x0800685c                        . = ALIGN (0x4)

.preinit_array  0x0800685c        0x0
                0x0800685c                        . = ALIGN (0x4)
                0x0800685c                        PROVIDE (__preinit_array_start = .)
 *(.preinit_array*)
                0x0800685c                        PROVIDE (__preinit_array_end = .)
                0x0800685c                        . = ALIGN (0x4)

.init_array     0x0800685c        0x4
                0x0800685c                        . = ALIGN (0x4)
                0x0800685c                        PROVIDE (__init_array_start = .)
 *(SORT_BY_NAME(.init_array.*))
 *(.init_array*)
 .init_array    0x0800685c        0x4 D:/ST/STM32CubeIDE_1.17.0/STM32CubeIDE/plugins/com.st.stm32cube.ide.mcu.externaltools.gnu-tools-for-stm32.12.3.rel1.win32_1.1.0.202410251130/tools/bin/../lib/gcc/arm-none-eabi/12.3.1/thumb/v7e-m+fp/hard/crtbegin.o
                0x08006860                        PROVIDE (__init_array_end = .)
                0x08006860                        . = ALIGN (0x4)

.fini_array     0x08006860        0x4
                0x08006860                        . = ALIGN (0x4)
                [!provide]                        PROVIDE (__fini_array_start = .)
 *(SORT_BY_NAME(.fini_array.*))
 *(.fini_array*)
 .fini_array    0x08006860        0x4 D:/ST/STM32CubeIDE_1.17.0/STM32CubeIDE/plugins/com.st.stm32cube.ide.mcu.externaltools.gnu-tools-for-stm32.12.3.rel1.win32_1.1.0.202410251130/tools/bin/../lib/gcc/arm-none-eabi/12.3.1/thumb/v7e-m+fp/hard/crtbegin.o
                [!provide]                        PROVIDE (__fini_array_end = .)
                0x08006864                        . = ALIGN (0x4)
                0x08006864                        _sidata = LOADADDR (.data)

.rel.dyn        0x08006864        0x0
 .rel.iplt      0x08006864        0x0 D:/ST/STM32CubeIDE_1.17.0/STM32CubeIDE/plugins/com.st.stm32cube.ide.mcu.externaltools.gnu-tools-for-stm32.12.3.rel1.win32_1.1.0.202410251130/tools/bin/../lib/gcc/arm-none-eabi/12.3.1/thumb/v7e-m+fp/hard/crtbegin.o

.data           0x20000000      0x104 load address 0x08006864
                0x20000000                        . = ALIGN (0x4)
                0x20000000                        _sdata = .
 *(.data)
 *(.data*)
 .data.SystemCoreClock
                0x20000000        0x4 ./Core/Src/system_stm32f4xx.o
                0x20000000                SystemCoreClock
 .data.uwTickPrio
                0x20000004        0x4 ./Drivers/STM32F4xx_HAL_Driver/Src/stm32f4xx_hal.o
                0x20000004                uwTickPrio
 .data.uwTickFreq
                0x20000008        0x1 ./Drivers/STM32F4xx_HAL_Driver/Src/stm32f4xx_hal.o
                0x20000008                uwTickFreq
 *fill*         0x20000009        0x3 
 .data.USBD_HID
                0x2000000c       0x38 ./Middlewares/ST/STM32_USB_Device_Library/Class/HID/Src/usbd_hid.o
                0x2000000c                USBD_HID
 .data.USBD_HID_CfgDesc
                0x20000044       0x22 ./Middlewares/ST/STM32_USB_Device_Library/Class/HID/Src/usbd_hid.o
 *fill*         0x20000066        0x2 
 .data.USBD_HID_Desc
                0x20000068        0x9 ./Middlewares/ST/STM32_USB_Device_Library/Class/HID/Src/usbd_hid.o
 *fill*         0x20000071        0x3 
 .data.USBD_HID_DeviceQualifierDesc
                0x20000074        0xa ./Middlewares/ST/STM32_USB_Device_Library/Class/HID/Src/usbd_hid.o
 *fill*         0x2000007e        0x2 
 .data.HID_MOUSE_ReportDesc
                0x20000080       0x31 ./Middlewares/ST/STM32_USB_Device_Library/Class/HID/Src/usbd_hid.o
 .data.HIDInEpAdd
                0x200000b1        0x1 ./Middlewares/ST/STM32_USB_Device_Library/Class/HID/Src/usbd_hid.o
 *fill*         0x200000b2        0x2 
 .data.FS_Desc  0x200000b4       0x1c ./USB_DEVICE/App/usbd_desc.o
                0x200000b4                FS_Desc
 .data.USBD_FS_DeviceDesc
                0x200000d0       0x12 ./USB_DEVICE/App/usbd_desc.o
                0x200000d0                USBD_FS_DeviceDesc
 *fill*         0x200000e2        0x2 
 .data.USBD_LangIDDesc
                0x200000e4        0x4 ./USB_DEVICE/App/usbd_desc.o
                0x200000e4                USBD_LangIDDesc
 .data.USBD_StringSerial
                0x200000e8       0x1a ./USB_DEVICE/App/usbd_desc.o
                0x200000e8                USBD_StringSerial
 *(.RamFunc)
 *(.RamFunc*)
                0x20000104                        . = ALIGN (0x4)
 *fill*         0x20000102        0x2 
                0x20000104                        _edata = .
                0x08006968                        _siccmram = LOADADDR (.ccmram)

.igot.plt       0x20000104        0x0 load address 0x08006968
 .igot.plt      0x20000104        0x0 D:/ST/STM32CubeIDE_1.17.0/STM32CubeIDE/plugins/com.st.stm32cube.ide.mcu.externaltools.gnu-tools-for-stm32.12.3.rel1.win32_1.1.0.202410251130/tools/bin/../lib/gcc/arm-none-eabi/12.3.1/thumb/v7e-m+fp/hard/crtbegin.o

.ccmram         0x10000000        0x0 load address 0x08006968
                0x10000000                        . = ALIGN (0x4)
                0x10000000                        _sccmram = .
 *(.ccmram)
 *(.ccmram*)
                0x10000000                        . = ALIGN (0x4)
                0x10000000                        _eccmram = .
                0x10000000                        . = ALIGN (0x4)

.bss            0x20000104      0xa18
                0x20000104                        _sbss = .
                0x20000104                        __bss_start__ = _sbss
 *(.bss)
 .bss           0x20000104       0x1c D:/ST/STM32CubeIDE_1.17.0/STM32CubeIDE/plugins/com.st.stm32cube.ide.mcu.externaltools.gnu-tools-for-stm32.12.3.rel1.win32_1.1.0.202410251130/tools/bin/../lib/gcc/arm-none-eabi/12.3.1/thumb/v7e-m+fp/hard/crtbegin.o
 *(.bss*)
 .bss.a         0x20000120        0x4 ./Core/Src/main.o
                0x20000120                a
 .bss.b         0x20000124        0x4 ./Core/Src/main.o
                0x20000124                b
 .bss.suma      0x20000128        0x4 ./Core/Src/main.o
                0x20000128                suma
 .bss.last_c    0x2000012c        0x4 ./Core/Src/main.o
                0x2000012c                last_c
 .bss.xd        0x20000130        0x2 ./Core/Src/main.o
                0x20000130                xd
 *fill*         0x20000132        0x2 
 .bss.grados_wheel
                0x20000134        0x4 ./Core/Src/main.o
                0x20000134                grados_wheel
 .bss.last_xd   0x20000138        0x2 ./Core/Src/main.o
                0x20000138                last_xd
 .bss.xd_grados_decimal
                0x2000013a        0x2 ./Core/Src/main.o
                0x2000013a                xd_grados_decimal
 .bss.joystickReportCONtainer
                0x2000013c        0x3 ./Core/Src/main.o
                0x2000013c                joystickReportCONtainer
 *fill*         0x2000013f        0x1 
 .bss.uwTick    0x20000140        0x4 ./Drivers/STM32F4xx_HAL_Driver/Src/stm32f4xx_hal.o
                0x20000140                uwTick
 .bss.cfgidx.0  0x20000144        0x1 ./Middlewares/ST/STM32_USB_Device_Library/Core/Src/usbd_ctlreq.o
 *fill*         0x20000145        0x3 
 .bss.hUsbDeviceFS
                0x20000148      0x2dc ./USB_DEVICE/App/usb_device.o
                0x20000148                hUsbDeviceFS
 .bss.USBD_StrDesc
                0x20000424      0x200 ./USB_DEVICE/App/usbd_desc.o
                0x20000424                USBD_StrDesc
 .bss.hpcd_USB_OTG_FS
                0x20000624      0x4e4 ./USB_DEVICE/Target/usbd_conf.o
                0x20000624                hpcd_USB_OTG_FS
 .bss.mem.0     0x20000b08       0x14 ./USB_DEVICE/Target/usbd_conf.o
 *(COMMON)
                0x20000b1c                        . = ALIGN (0x4)
                0x20000b1c                        _ebss = .
                0x20000b1c                        __bss_end__ = _ebss

._user_heap_stack
                0x20000b1c      0x604
                0x20000b20                        . = ALIGN (0x8)
 *fill*         0x20000b1c        0x4 
                [!provide]                        PROVIDE (end = .)
                0x20000b20                        PROVIDE (_end = .)
                0x20000d20                        . = (. + _Min_Heap_Size)
 *fill*         0x20000b20      0x200 
                0x20001120                        . = (. + _Min_Stack_Size)
 *fill*         0x20000d20      0x400 
                0x20001120                        . = ALIGN (0x8)

/DISCARD/
 libc.a(*)
 libm.a(*)
 libgcc.a(*)

.ARM.attributes
                0x00000000       0x30
 *(.ARM.attributes)
 .ARM.attributes
                0x00000000       0x22 D:/ST/STM32CubeIDE_1.17.0/STM32CubeIDE/plugins/com.st.stm32cube.ide.mcu.externaltools.gnu-tools-for-stm32.12.3.rel1.win32_1.1.0.202410251130/tools/bin/../lib/gcc/arm-none-eabi/12.3.1/thumb/v7e-m+fp/hard/crti.o
 .ARM.attributes
                0x00000022       0x34 D:/ST/STM32CubeIDE_1.17.0/STM32CubeIDE/plugins/com.st.stm32cube.ide.mcu.externaltools.gnu-tools-for-stm32.12.3.rel1.win32_1.1.0.202410251130/tools/bin/../lib/gcc/arm-none-eabi/12.3.1/thumb/v7e-m+fp/hard/crtbegin.o
 .ARM.attributes
                0x00000056       0x34 ./Core/Src/main.o
 .ARM.attributes
                0x0000008a       0x34 ./Core/Src/stm32f4xx_hal_msp.o
 .ARM.attributes
                0x000000be       0x34 ./Core/Src/stm32f4xx_it.o
 .ARM.attributes
                0x000000f2       0x34 ./Core/Src/system_stm32f4xx.o
 .ARM.attributes
                0x00000126       0x21 ./Core/Startup/startup_stm32f407vetx.o
 .ARM.attributes
                0x00000147       0x34 ./Drivers/STM32F4xx_HAL_Driver/Src/stm32f4xx_hal.o
 .ARM.attributes
                0x0000017b       0x34 ./Drivers/STM32F4xx_HAL_Driver/Src/stm32f4xx_hal_cortex.o
 .ARM.attributes
                0x000001af       0x34 ./Drivers/STM32F4xx_HAL_Driver/Src/stm32f4xx_hal_gpio.o
 .ARM.attributes
                0x000001e3       0x34 ./Drivers/STM32F4xx_HAL_Driver/Src/stm32f4xx_hal_pcd.o
 .ARM.attributes
                0x00000217       0x34 ./Drivers/STM32F4xx_HAL_Driver/Src/stm32f4xx_hal_pcd_ex.o
 .ARM.attributes
                0x0000024b       0x34 ./Drivers/STM32F4xx_HAL_Driver/Src/stm32f4xx_hal_rcc.o
 .ARM.attributes
                0x0000027f       0x34 ./Drivers/STM32F4xx_HAL_Driver/Src/stm32f4xx_ll_usb.o
 .ARM.attributes
                0x000002b3       0x34 ./Middlewares/ST/STM32_USB_Device_Library/Class/HID/Src/usbd_hid.o
 .ARM.attributes
                0x000002e7       0x34 ./Middlewares/ST/STM32_USB_Device_Library/Core/Src/usbd_core.o
 .ARM.attributes
                0x0000031b       0x34 ./Middlewares/ST/STM32_USB_Device_Library/Core/Src/usbd_ctlreq.o
 .ARM.attributes
                0x0000034f       0x34 ./Middlewares/ST/STM32_USB_Device_Library/Core/Src/usbd_ioreq.o
 .ARM.attributes
                0x00000383       0x34 ./USB_DEVICE/App/usb_device.o
 .ARM.attributes
                0x000003b7       0x34 ./USB_DEVICE/App/usbd_desc.o
 .ARM.attributes
                0x000003eb       0x34 ./USB_DEVICE/Target/usbd_conf.o
 .ARM.attributes
                0x0000041f       0x34 D:/ST/STM32CubeIDE_1.17.0/STM32CubeIDE/plugins/com.st.stm32cube.ide.mcu.externaltools.gnu-tools-for-stm32.12.3.rel1.win32_1.1.0.202410251130/tools/bin/../lib/gcc/arm-none-eabi/12.3.1/../../../../arm-none-eabi/lib/thumb/v7e-m+fp/hard\libc_nano.a(libc_a-memset.o)
 .ARM.attributes
                0x00000453       0x34 D:/ST/STM32CubeIDE_1.17.0/STM32CubeIDE/plugins/com.st.stm32cube.ide.mcu.externaltools.gnu-tools-for-stm32.12.3.rel1.win32_1.1.0.202410251130/tools/bin/../lib/gcc/arm-none-eabi/12.3.1/../../../../arm-none-eabi/lib/thumb/v7e-m+fp/hard\libc_nano.a(libc_a-init.o)
 .ARM.attributes
                0x00000487       0x22 D:/ST/STM32CubeIDE_1.17.0/STM32CubeIDE/plugins/com.st.stm32cube.ide.mcu.externaltools.gnu-tools-for-stm32.12.3.rel1.win32_1.1.0.202410251130/tools/bin/../lib/gcc/arm-none-eabi/12.3.1/thumb/v7e-m+fp/hard\libgcc.a(_aeabi_uldivmod.o)
 .ARM.attributes
                0x000004a9       0x34 D:/ST/STM32CubeIDE_1.17.0/STM32CubeIDE/plugins/com.st.stm32cube.ide.mcu.externaltools.gnu-tools-for-stm32.12.3.rel1.win32_1.1.0.202410251130/tools/bin/../lib/gcc/arm-none-eabi/12.3.1/thumb/v7e-m+fp/hard\libgcc.a(_udivmoddi4.o)
 .ARM.attributes
                0x000004dd       0x22 D:/ST/STM32CubeIDE_1.17.0/STM32CubeIDE/plugins/com.st.stm32cube.ide.mcu.externaltools.gnu-tools-for-stm32.12.3.rel1.win32_1.1.0.202410251130/tools/bin/../lib/gcc/arm-none-eabi/12.3.1/thumb/v7e-m+fp/hard\libgcc.a(_dvmd_tls.o)
 .ARM.attributes
                0x000004ff       0x22 D:/ST/STM32CubeIDE_1.17.0/STM32CubeIDE/plugins/com.st.stm32cube.ide.mcu.externaltools.gnu-tools-for-stm32.12.3.rel1.win32_1.1.0.202410251130/tools/bin/../lib/gcc/arm-none-eabi/12.3.1/thumb/v7e-m+fp/hard/crtn.o
OUTPUT(STEERING_V2.elf elf32-littlearm)
LOAD linker stubs
LOAD D:/ST/STM32CubeIDE_1.17.0/STM32CubeIDE/plugins/com.st.stm32cube.ide.mcu.externaltools.gnu-tools-for-stm32.12.3.rel1.win32_1.1.0.202410251130/tools/bin/../lib/gcc/arm-none-eabi/12.3.1/../../../../arm-none-eabi/lib/thumb/v7e-m+fp/hard\libc.a
LOAD D:/ST/STM32CubeIDE_1.17.0/STM32CubeIDE/plugins/com.st.stm32cube.ide.mcu.externaltools.gnu-tools-for-stm32.12.3.rel1.win32_1.1.0.202410251130/tools/bin/../lib/gcc/arm-none-eabi/12.3.1/../../../../arm-none-eabi/lib/thumb/v7e-m+fp/hard\libm.a
LOAD D:/ST/STM32CubeIDE_1.17.0/STM32CubeIDE/plugins/com.st.stm32cube.ide.mcu.externaltools.gnu-tools-for-stm32.12.3.rel1.win32_1.1.0.202410251130/tools/bin/../lib/gcc/arm-none-eabi/12.3.1/thumb/v7e-m+fp/hard\libgcc.a

.debug_info     0x00000000     0xcb80
 .debug_info    0x00000000      0xdb7 ./Core/Src/main.o
 .debug_info    0x00000db7      0x4c6 ./Core/Src/stm32f4xx_hal_msp.o
 .debug_info    0x0000127d      0x637 ./Core/Src/stm32f4xx_it.o
 .debug_info    0x000018b4      0x512 ./Core/Src/system_stm32f4xx.o
 .debug_info    0x00001dc6       0x30 ./Core/Startup/startup_stm32f407vetx.o
 .debug_info    0x00001df6      0x944 ./Drivers/STM32F4xx_HAL_Driver/Src/stm32f4xx_hal.o
 .debug_info    0x0000273a      0xd8c ./Drivers/STM32F4xx_HAL_Driver/Src/stm32f4xx_hal_cortex.o
 .debug_info    0x000034c6      0x6c3 ./Drivers/STM32F4xx_HAL_Driver/Src/stm32f4xx_hal_gpio.o
 .debug_info    0x00003b89     0x156f ./Drivers/STM32F4xx_HAL_Driver/Src/stm32f4xx_hal_pcd.o
 .debug_info    0x000050f8      0x6ea ./Drivers/STM32F4xx_HAL_Driver/Src/stm32f4xx_hal_pcd_ex.o
 .debug_info    0x000057e2      0x8af ./Drivers/STM32F4xx_HAL_Driver/Src/stm32f4xx_hal_rcc.o
 .debug_info    0x00006091     0x1993 ./Drivers/STM32F4xx_HAL_Driver/Src/stm32f4xx_ll_usb.o
 .debug_info    0x00007a24      0xa84 ./Middlewares/ST/STM32_USB_Device_Library/Class/HID/Src/usbd_hid.o
 .debug_info    0x000084a8      0xe05 ./Middlewares/ST/STM32_USB_Device_Library/Core/Src/usbd_core.o
 .debug_info    0x000092ad      0xade ./Middlewares/ST/STM32_USB_Device_Library/Core/Src/usbd_ctlreq.o
 .debug_info    0x00009d8b      0x755 ./Middlewares/ST/STM32_USB_Device_Library/Core/Src/usbd_ioreq.o
 .debug_info    0x0000a4e0      0x5ef ./USB_DEVICE/App/usb_device.o
 .debug_info    0x0000aacf      0x458 ./USB_DEVICE/App/usbd_desc.o
 .debug_info    0x0000af27     0x1c59 ./USB_DEVICE/Target/usbd_conf.o

.debug_abbrev   0x00000000     0x2805
 .debug_abbrev  0x00000000      0x32f ./Core/Src/main.o
 .debug_abbrev  0x0000032f      0x11b ./Core/Src/stm32f4xx_hal_msp.o
 .debug_abbrev  0x0000044a      0x1a4 ./Core/Src/stm32f4xx_it.o
 .debug_abbrev  0x000005ee      0x11a ./Core/Src/system_stm32f4xx.o
 .debug_abbrev  0x00000708       0x24 ./Core/Startup/startup_stm32f407vetx.o
 .debug_abbrev  0x0000072c      0x214 ./Drivers/STM32F4xx_HAL_Driver/Src/stm32f4xx_hal.o
 .debug_abbrev  0x00000940      0x31d ./Drivers/STM32F4xx_HAL_Driver/Src/stm32f4xx_hal_cortex.o
 .debug_abbrev  0x00000c5d      0x1d4 ./Drivers/STM32F4xx_HAL_Driver/Src/stm32f4xx_hal_gpio.o
 .debug_abbrev  0x00000e31      0x2b9 ./Drivers/STM32F4xx_HAL_Driver/Src/stm32f4xx_hal_pcd.o
 .debug_abbrev  0x000010ea      0x1da ./Drivers/STM32F4xx_HAL_Driver/Src/stm32f4xx_hal_pcd_ex.o
 .debug_abbrev  0x000012c4      0x2b7 ./Drivers/STM32F4xx_HAL_Driver/Src/stm32f4xx_hal_rcc.o
 .debug_abbrev  0x0000157b      0x2b3 ./Drivers/STM32F4xx_HAL_Driver/Src/stm32f4xx_ll_usb.o
 .debug_abbrev  0x0000182e      0x2a2 ./Middlewares/ST/STM32_USB_Device_Library/Class/HID/Src/usbd_hid.o
 .debug_abbrev  0x00001ad0      0x27c ./Middlewares/ST/STM32_USB_Device_Library/Core/Src/usbd_core.o
 .debug_abbrev  0x00001d4c      0x26f ./Middlewares/ST/STM32_USB_Device_Library/Core/Src/usbd_ctlreq.o
 .debug_abbrev  0x00001fbb      0x19a ./Middlewares/ST/STM32_USB_Device_Library/Core/Src/usbd_ioreq.o
 .debug_abbrev  0x00002155      0x190 ./USB_DEVICE/App/usb_device.o
 .debug_abbrev  0x000022e5      0x1e1 ./USB_DEVICE/App/usbd_desc.o
 .debug_abbrev  0x000024c6      0x33f ./USB_DEVICE/Target/usbd_conf.o

.debug_aranges  0x00000000      0xaf8
 .debug_aranges
                0x00000000       0x48 ./Core/Src/main.o
 .debug_aranges
                0x00000048       0x20 ./Core/Src/stm32f4xx_hal_msp.o
 .debug_aranges
                0x00000068       0x70 ./Core/Src/stm32f4xx_it.o
 .debug_aranges
                0x000000d8       0x28 ./Core/Src/system_stm32f4xx.o
 .debug_aranges
                0x00000100       0x28 ./Core/Startup/startup_stm32f407vetx.o
 .debug_aranges
                0x00000128       0xf0 ./Drivers/STM32F4xx_HAL_Driver/Src/stm32f4xx_hal.o
 .debug_aranges
                0x00000218      0x130 ./Drivers/STM32F4xx_HAL_Driver/Src/stm32f4xx_hal_cortex.o
 .debug_aranges
                0x00000348       0x58 ./Drivers/STM32F4xx_HAL_Driver/Src/stm32f4xx_hal_gpio.o
 .debug_aranges
                0x000003a0      0x148 ./Drivers/STM32F4xx_HAL_Driver/Src/stm32f4xx_hal_pcd.o
 .debug_aranges
                0x000004e8       0x38 ./Drivers/STM32F4xx_HAL_Driver/Src/stm32f4xx_hal_pcd_ex.o
 .debug_aranges
                0x00000520       0x88 ./Drivers/STM32F4xx_HAL_Driver/Src/stm32f4xx_hal_rcc.o
 .debug_aranges
                0x000005a8      0x1a0 ./Drivers/STM32F4xx_HAL_Driver/Src/stm32f4xx_ll_usb.o
 .debug_aranges
                0x00000748       0x68 ./Middlewares/ST/STM32_USB_Device_Library/Class/HID/Src/usbd_hid.o
 .debug_aranges
                0x000007b0       0xd8 ./Middlewares/ST/STM32_USB_Device_Library/Core/Src/usbd_core.o
 .debug_aranges
                0x00000888       0x90 ./Middlewares/ST/STM32_USB_Device_Library/Core/Src/usbd_ctlreq.o
 .debug_aranges
                0x00000918       0x50 ./Middlewares/ST/STM32_USB_Device_Library/Core/Src/usbd_ioreq.o
 .debug_aranges
                0x00000968       0x20 ./USB_DEVICE/App/usb_device.o
 .debug_aranges
                0x00000988       0x60 ./USB_DEVICE/App/usbd_desc.o
 .debug_aranges
                0x000009e8      0x110 ./USB_DEVICE/Target/usbd_conf.o

.debug_rnglists
                0x00000000      0x817
 .debug_rnglists
                0x00000000       0x36 ./Core/Src/main.o
 .debug_rnglists
                0x00000036       0x13 ./Core/Src/stm32f4xx_hal_msp.o
 .debug_rnglists
                0x00000049       0x4f ./Core/Src/stm32f4xx_it.o
 .debug_rnglists
                0x00000098       0x1a ./Core/Src/system_stm32f4xx.o
 .debug_rnglists
                0x000000b2       0x19 ./Core/Startup/startup_stm32f407vetx.o
 .debug_rnglists
                0x000000cb       0xaf ./Drivers/STM32F4xx_HAL_Driver/Src/stm32f4xx_hal.o
 .debug_rnglists
                0x0000017a       0xe0 ./Drivers/STM32F4xx_HAL_Driver/Src/stm32f4xx_hal_cortex.o
 .debug_rnglists
                0x0000025a       0x3f ./Drivers/STM32F4xx_HAL_Driver/Src/stm32f4xx_hal_gpio.o
 .debug_rnglists
                0x00000299       0xfa ./Drivers/STM32F4xx_HAL_Driver/Src/stm32f4xx_hal_pcd.o
 .debug_rnglists
                0x00000393       0x26 ./Drivers/STM32F4xx_HAL_Driver/Src/stm32f4xx_hal_pcd_ex.o
 .debug_rnglists
                0x000003b9       0x66 ./Drivers/STM32F4xx_HAL_Driver/Src/stm32f4xx_hal_rcc.o
 .debug_rnglists
                0x0000041f      0x147 ./Drivers/STM32F4xx_HAL_Driver/Src/stm32f4xx_ll_usb.o
 .debug_rnglists
                0x00000566       0x4c ./Middlewares/ST/STM32_USB_Device_Library/Class/HID/Src/usbd_hid.o
 .debug_rnglists
                0x000005b2       0xa1 ./Middlewares/ST/STM32_USB_Device_Library/Core/Src/usbd_core.o
 .debug_rnglists
                0x00000653       0x6e ./Middlewares/ST/STM32_USB_Device_Library/Core/Src/usbd_ctlreq.o
 .debug_rnglists
                0x000006c1       0x37 ./Middlewares/ST/STM32_USB_Device_Library/Core/Src/usbd_ioreq.o
 .debug_rnglists
                0x000006f8       0x13 ./USB_DEVICE/App/usb_device.o
 .debug_rnglists
                0x0000070b       0x43 ./USB_DEVICE/App/usbd_desc.o
 .debug_rnglists
                0x0000074e       0xc9 ./USB_DEVICE/Target/usbd_conf.o

.debug_macro    0x00000000    0x222d7
 .debug_macro   0x00000000      0x35f ./Core/Src/main.o
 .debug_macro   0x0000035f      0xab4 ./Core/Src/main.o
 .debug_macro   0x00000e13      0x295 ./Core/Src/main.o
 .debug_macro   0x000010a8       0x2e ./Core/Src/main.o
 .debug_macro   0x000010d6       0x2f ./Core/Src/main.o
 .debug_macro   0x00001105       0x22 ./Core/Src/main.o
 .debug_macro   0x00001127       0x8e ./Core/Src/main.o
 .debug_macro   0x000011b5       0x51 ./Core/Src/main.o
 .debug_macro   0x00001206      0x103 ./Core/Src/main.o
 .debug_macro   0x00001309       0x6a ./Core/Src/main.o
 .debug_macro   0x00001373      0x1df ./Core/Src/main.o
 .debug_macro   0x00001552       0x1c ./Core/Src/main.o
 .debug_macro   0x0000156e       0x22 ./Core/Src/main.o
 .debug_macro   0x00001590       0xfb ./Core/Src/main.o
 .debug_macro   0x0000168b     0x1011 ./Core/Src/main.o
 .debug_macro   0x0000269c      0x11f ./Core/Src/main.o
 .debug_macro   0x000027bb    0x15e97 ./Core/Src/main.o
 .debug_macro   0x00018652       0x6d ./Core/Src/main.o
 .debug_macro   0x000186bf     0x369a ./Core/Src/main.o
 .debug_macro   0x0001bd59      0x189 ./Core/Src/main.o
 .debug_macro   0x0001bee2       0x5c ./Core/Src/main.o
 .debug_macro   0x0001bf3e      0x980 ./Core/Src/main.o
 .debug_macro   0x0001c8be      0x9e9 ./Core/Src/main.o
 .debug_macro   0x0001d2a7      0x115 ./Core/Src/main.o
 .debug_macro   0x0001d3bc      0x13e ./Core/Src/main.o
 .debug_macro   0x0001d4fa       0xa5 ./Core/Src/main.o
 .debug_macro   0x0001d59f      0x174 ./Core/Src/main.o
 .debug_macro   0x0001d713      0x287 ./Core/Src/main.o
 .debug_macro   0x0001d99a       0x5f ./Core/Src/main.o
 .debug_macro   0x0001d9f9      0x236 ./Core/Src/main.o
 .debug_macro   0x0001dc2f      0x12c ./Core/Src/main.o
 .debug_macro   0x0001dd5b      0x21e ./Core/Src/main.o
 .debug_macro   0x0001df79       0x2e ./Core/Src/main.o
 .debug_macro   0x0001dfa7      0x127 ./Core/Src/main.o
 .debug_macro   0x0001e0ce       0x7e ./Core/Src/main.o
 .debug_macro   0x0001e14c       0x89 ./Core/Src/main.o
 .debug_macro   0x0001e1d5      0x293 ./Core/Src/main.o
 .debug_macro   0x0001e468       0xba ./Core/Src/main.o
 .debug_macro   0x0001e522      0x12d ./Core/Src/main.o
 .debug_macro   0x0001e64f       0x28 ./Core/Src/main.o
 .debug_macro   0x0001e677       0x61 ./Core/Src/main.o
 .debug_macro   0x0001e6d8       0x2a ./Core/Src/main.o
 .debug_macro   0x0001e702       0x43 ./Core/Src/main.o
 .debug_macro   0x0001e745       0x34 ./Core/Src/main.o
 .debug_macro   0x0001e779       0x16 ./Core/Src/main.o
 .debug_macro   0x0001e78f       0x35 ./Core/Src/main.o
 .debug_macro   0x0001e7c4      0x369 ./Core/Src/main.o
 .debug_macro   0x0001eb2d       0x10 ./Core/Src/main.o
 .debug_macro   0x0001eb3d       0x16 ./Core/Src/main.o
 .debug_macro   0x0001eb53       0x43 ./Core/Src/main.o
 .debug_macro   0x0001eb96       0x34 ./Core/Src/main.o
 .debug_macro   0x0001ebca       0x10 ./Core/Src/main.o
 .debug_macro   0x0001ebda       0x58 ./Core/Src/main.o
 .debug_macro   0x0001ec32       0x8e ./Core/Src/main.o
 .debug_macro   0x0001ecc0       0x1c ./Core/Src/main.o
 .debug_macro   0x0001ecdc      0x177 ./Core/Src/main.o
 .debug_macro   0x0001ee53       0x16 ./Core/Src/main.o
 .debug_macro   0x0001ee69       0x16 ./Core/Src/main.o
 .debug_macro   0x0001ee7f      0x146 ./Core/Src/main.o
 .debug_macro   0x0001efc5       0x16 ./Core/Src/main.o
 .debug_macro   0x0001efdb       0x16 ./Core/Src/main.o
 .debug_macro   0x0001eff1       0x29 ./Core/Src/main.o
 .debug_macro   0x0001f01a       0x16 ./Core/Src/main.o
 .debug_macro   0x0001f030       0x20 ./Core/Src/main.o
 .debug_macro   0x0001f050       0x6b ./Core/Src/main.o
 .debug_macro   0x0001f0bb      0x20f ./Core/Src/main.o
 .debug_macro   0x0001f2ca      0x1e3 ./Core/Src/stm32f4xx_hal_msp.o
 .debug_macro   0x0001f4ad      0x1ed ./Core/Src/stm32f4xx_it.o
 .debug_macro   0x0001f69a      0x1d4 ./Core/Src/system_stm32f4xx.o
 .debug_macro   0x0001f86e      0x234 ./Drivers/STM32F4xx_HAL_Driver/Src/stm32f4xx_hal.o
 .debug_macro   0x0001faa2      0x1d4 ./Drivers/STM32F4xx_HAL_Driver/Src/stm32f4xx_hal_cortex.o
 .debug_macro   0x0001fc76      0x1da ./Drivers/STM32F4xx_HAL_Driver/Src/stm32f4xx_hal_gpio.o
 .debug_macro   0x0001fe50      0x1e0 ./Drivers/STM32F4xx_HAL_Driver/Src/stm32f4xx_hal_pcd.o
 .debug_macro   0x00020030      0x1d4 ./Drivers/STM32F4xx_HAL_Driver/Src/stm32f4xx_hal_pcd_ex.o
 .debug_macro   0x00020204      0x1f8 ./Drivers/STM32F4xx_HAL_Driver/Src/stm32f4xx_hal_rcc.o
 .debug_macro   0x000203fc      0x1d4 ./Drivers/STM32F4xx_HAL_Driver/Src/stm32f4xx_ll_usb.o
 .debug_macro   0x000205d0      0x372 ./Middlewares/ST/STM32_USB_Device_Library/Class/HID/Src/usbd_hid.o
 .debug_macro   0x00020942       0x9e ./Middlewares/ST/STM32_USB_Device_Library/Class/HID/Src/usbd_hid.o
 .debug_macro   0x000209e0      0x10b ./Middlewares/ST/STM32_USB_Device_Library/Class/HID/Src/usbd_hid.o
 .debug_macro   0x00020aeb       0x56 ./Middlewares/ST/STM32_USB_Device_Library/Class/HID/Src/usbd_hid.o
 .debug_macro   0x00020b41       0x5f ./Middlewares/ST/STM32_USB_Device_Library/Class/HID/Src/usbd_hid.o
 .debug_macro   0x00020ba0      0x359 ./Middlewares/ST/STM32_USB_Device_Library/Core/Src/usbd_core.o
 .debug_macro   0x00020ef9      0x215 ./Middlewares/ST/STM32_USB_Device_Library/Core/Src/usbd_core.o
 .debug_macro   0x0002110e      0x363 ./Middlewares/ST/STM32_USB_Device_Library/Core/Src/usbd_ctlreq.o
 .debug_macro   0x00021471      0x35f ./Middlewares/ST/STM32_USB_Device_Library/Core/Src/usbd_ioreq.o
 .debug_macro   0x000217d0      0x389 ./USB_DEVICE/App/usb_device.o
 .debug_macro   0x00021b59       0x2e ./USB_DEVICE/App/usb_device.o
 .debug_macro   0x00021b87       0x22 ./USB_DEVICE/App/usb_device.o
 .debug_macro   0x00021ba9      0x39c ./USB_DEVICE/App/usbd_desc.o
 .debug_macro   0x00021f45       0x1c ./USB_DEVICE/App/usbd_desc.o
 .debug_macro   0x00021f61      0x376 ./USB_DEVICE/Target/usbd_conf.o

.debug_line     0x00000000     0xe9b5
 .debug_line    0x00000000      0xbb0 ./Core/Src/main.o
 .debug_line    0x00000bb0      0x746 ./Core/Src/stm32f4xx_hal_msp.o
 .debug_line    0x000012f6      0x832 ./Core/Src/stm32f4xx_it.o
 .debug_line    0x00001b28      0x7c9 ./Core/Src/system_stm32f4xx.o
 .debug_line    0x000022f1       0x7a ./Core/Startup/startup_stm32f407vetx.o
 .debug_line    0x0000236b      0xa32 ./Drivers/STM32F4xx_HAL_Driver/Src/stm32f4xx_hal.o
 .debug_line    0x00002d9d      0xd24 ./Drivers/STM32F4xx_HAL_Driver/Src/stm32f4xx_hal_cortex.o
 .debug_line    0x00003ac1      0xbbe ./Drivers/STM32F4xx_HAL_Driver/Src/stm32f4xx_hal_gpio.o
 .debug_line    0x0000467f     0x151b ./Drivers/STM32F4xx_HAL_Driver/Src/stm32f4xx_hal_pcd.o
 .debug_line    0x00005b9a      0x80f ./Drivers/STM32F4xx_HAL_Driver/Src/stm32f4xx_hal_pcd_ex.o
 .debug_line    0x000063a9      0xdbd ./Drivers/STM32F4xx_HAL_Driver/Src/stm32f4xx_hal_rcc.o
 .debug_line    0x00007166     0x1e0d ./Drivers/STM32F4xx_HAL_Driver/Src/stm32f4xx_ll_usb.o
 .debug_line    0x00008f73      0xc73 ./Middlewares/ST/STM32_USB_Device_Library/Class/HID/Src/usbd_hid.o
 .debug_line    0x00009be6      0xf42 ./Middlewares/ST/STM32_USB_Device_Library/Core/Src/usbd_core.o
 .debug_line    0x0000ab28     0x1152 ./Middlewares/ST/STM32_USB_Device_Library/Core/Src/usbd_ctlreq.o
 .debug_line    0x0000bc7a      0xa5c ./Middlewares/ST/STM32_USB_Device_Library/Core/Src/usbd_ioreq.o
 .debug_line    0x0000c6d6      0x9fd ./USB_DEVICE/App/usb_device.o
 .debug_line    0x0000d0d3      0xae1 ./USB_DEVICE/App/usbd_desc.o
 .debug_line    0x0000dbb4      0xe01 ./USB_DEVICE/Target/usbd_conf.o

.debug_str      0x00000000    0xc3dd8
 .debug_str     0x00000000    0xc0aa1 ./Core/Src/main.o
                              0xc0dff (size before relaxing)
 .debug_str     0x000c0aa1      0x52f ./Core/Src/stm32f4xx_hal_msp.o
                              0xbc8be (size before relaxing)
 .debug_str     0x000c0fd0      0x49a ./Core/Src/stm32f4xx_it.o
                              0xbc766 (size before relaxing)
 .debug_str     0x000c146a       0xdb ./Core/Src/system_stm32f4xx.o
                              0xbc3c1 (size before relaxing)
 .debug_str     0x000c1545       0x44 ./Core/Startup/startup_stm32f407vetx.o
                                 0x81 (size before relaxing)
 .debug_str     0x000c1589      0x60d ./Drivers/STM32F4xx_HAL_Driver/Src/stm32f4xx_hal.o
                              0xbcf45 (size before relaxing)
 .debug_str     0x000c1b96      0x38b ./Drivers/STM32F4xx_HAL_Driver/Src/stm32f4xx_hal_cortex.o
                              0xbccc1 (size before relaxing)
 .debug_str     0x000c1f21      0x132 ./Drivers/STM32F4xx_HAL_Driver/Src/stm32f4xx_hal_gpio.o
                              0xbc53c (size before relaxing)
 .debug_str     0x000c2053      0x831 ./Drivers/STM32F4xx_HAL_Driver/Src/stm32f4xx_hal_pcd.o
                              0xbce9f (size before relaxing)
 .debug_str     0x000c2884      0x115 ./Drivers/STM32F4xx_HAL_Driver/Src/stm32f4xx_hal_pcd_ex.o
                              0xbc78f (size before relaxing)
 .debug_str     0x000c2999      0x21f ./Drivers/STM32F4xx_HAL_Driver/Src/stm32f4xx_hal_rcc.o
                              0xbc7f5 (size before relaxing)
 .debug_str     0x000c2bb8      0x4ad ./Drivers/STM32F4xx_HAL_Driver/Src/stm32f4xx_ll_usb.o
                              0xbcd7a (size before relaxing)
 .debug_str     0x000c3065      0x4d8 ./Middlewares/ST/STM32_USB_Device_Library/Class/HID/Src/usbd_hid.o
                              0xc0e23 (size before relaxing)
 .debug_str     0x000c353d      0x366 ./Middlewares/ST/STM32_USB_Device_Library/Core/Src/usbd_core.o
                              0xc0d8e (size before relaxing)
 .debug_str     0x000c38a3      0x139 ./Middlewares/ST/STM32_USB_Device_Library/Core/Src/usbd_ctlreq.o
                              0xc0bb9 (size before relaxing)
 .debug_str     0x000c39dc       0x79 ./Middlewares/ST/STM32_USB_Device_Library/Core/Src/usbd_ioreq.o
                              0xc0a8e (size before relaxing)
 .debug_str     0x000c3a55       0xa2 ./USB_DEVICE/App/usb_device.o
                              0xc0c21 (size before relaxing)
 .debug_str     0x000c3af7      0x26e ./USB_DEVICE/App/usbd_desc.o
                              0xc098e (size before relaxing)
 .debug_str     0x000c3d65       0x73 ./USB_DEVICE/Target/usbd_conf.o
                              0xc1b23 (size before relaxing)

.comment        0x00000000       0x43
 .comment       0x00000000       0x43 ./Core/Src/main.o
                                 0x44 (size before relaxing)
 .comment       0x00000043       0x44 ./Core/Src/stm32f4xx_hal_msp.o
 .comment       0x00000043       0x44 ./Core/Src/stm32f4xx_it.o
 .comment       0x00000043       0x44 ./Core/Src/system_stm32f4xx.o
 .comment       0x00000043       0x44 ./Drivers/STM32F4xx_HAL_Driver/Src/stm32f4xx_hal.o
 .comment       0x00000043       0x44 ./Drivers/STM32F4xx_HAL_Driver/Src/stm32f4xx_hal_cortex.o
 .comment       0x00000043       0x44 ./Drivers/STM32F4xx_HAL_Driver/Src/stm32f4xx_hal_gpio.o
 .comment       0x00000043       0x44 ./Drivers/STM32F4xx_HAL_Driver/Src/stm32f4xx_hal_pcd.o
 .comment       0x00000043       0x44 ./Drivers/STM32F4xx_HAL_Driver/Src/stm32f4xx_hal_pcd_ex.o
 .comment       0x00000043       0x44 ./Drivers/STM32F4xx_HAL_Driver/Src/stm32f4xx_hal_rcc.o
 .comment       0x00000043       0x44 ./Drivers/STM32F4xx_HAL_Driver/Src/stm32f4xx_ll_usb.o
 .comment       0x00000043       0x44 ./Middlewares/ST/STM32_USB_Device_Library/Class/HID/Src/usbd_hid.o
 .comment       0x00000043       0x44 ./Middlewares/ST/STM32_USB_Device_Library/Core/Src/usbd_core.o
 .comment       0x00000043       0x44 ./Middlewares/ST/STM32_USB_Device_Library/Core/Src/usbd_ctlreq.o
 .comment       0x00000043       0x44 ./Middlewares/ST/STM32_USB_Device_Library/Core/Src/usbd_ioreq.o
 .comment       0x00000043       0x44 ./USB_DEVICE/App/usb_device.o
 .comment       0x00000043       0x44 ./USB_DEVICE/App/usbd_desc.o
 .comment       0x00000043       0x44 ./USB_DEVICE/Target/usbd_conf.o

.debug_frame    0x00000000     0x2ba0
 .debug_frame   0x00000000       0xe0 ./Core/Src/main.o
 .debug_frame   0x000000e0       0x34 ./Core/Src/stm32f4xx_hal_msp.o
 .debug_frame   0x00000114      0x140 ./Core/Src/stm32f4xx_it.o
 .debug_frame   0x00000254       0x58 ./Core/Src/system_stm32f4xx.o
 .debug_frame   0x000002ac      0x374 ./Drivers/STM32F4xx_HAL_Driver/Src/stm32f4xx_hal.o
 .debug_frame   0x00000620      0x508 ./Drivers/STM32F4xx_HAL_Driver/Src/stm32f4xx_hal_cortex.o
 .debug_frame   0x00000b28      0x14c ./Drivers/STM32F4xx_HAL_Driver/Src/stm32f4xx_hal_gpio.o
 .debug_frame   0x00000c74      0x5b8 ./Drivers/STM32F4xx_HAL_Driver/Src/stm32f4xx_hal_pcd.o
 .debug_frame   0x0000122c       0xb0 ./Drivers/STM32F4xx_HAL_Driver/Src/stm32f4xx_hal_pcd_ex.o
 .debug_frame   0x000012dc      0x1f4 ./Drivers/STM32F4xx_HAL_Driver/Src/stm32f4xx_hal_rcc.o
 .debug_frame   0x000014d0      0x7c0 ./Drivers/STM32F4xx_HAL_Driver/Src/stm32f4xx_ll_usb.o
 .debug_frame   0x00001c90      0x184 ./Middlewares/ST/STM32_USB_Device_Library/Class/HID/Src/usbd_hid.o
 .debug_frame   0x00001e14      0x390 ./Middlewares/ST/STM32_USB_Device_Library/Core/Src/usbd_core.o
 .debug_frame   0x000021a4      0x23c ./Middlewares/ST/STM32_USB_Device_Library/Core/Src/usbd_ctlreq.o
 .debug_frame   0x000023e0      0x10c ./Middlewares/ST/STM32_USB_Device_Library/Core/Src/usbd_ioreq.o
 .debug_frame   0x000024ec       0x2c ./USB_DEVICE/App/usb_device.o
 .debug_frame   0x00002518      0x160 ./USB_DEVICE/App/usbd_desc.o
 .debug_frame   0x00002678      0x47c ./USB_DEVICE/Target/usbd_conf.o
 .debug_frame   0x00002af4       0x20 D:/ST/STM32CubeIDE_1.17.0/STM32CubeIDE/plugins/com.st.stm32cube.ide.mcu.externaltools.gnu-tools-for-stm32.12.3.rel1.win32_1.1.0.202410251130/tools/bin/../lib/gcc/arm-none-eabi/12.3.1/../../../../arm-none-eabi/lib/thumb/v7e-m+fp/hard\libc_nano.a(libc_a-memset.o)
 .debug_frame   0x00002b14       0x2c D:/ST/STM32CubeIDE_1.17.0/STM32CubeIDE/plugins/com.st.stm32cube.ide.mcu.externaltools.gnu-tools-for-stm32.12.3.rel1.win32_1.1.0.202410251130/tools/bin/../lib/gcc/arm-none-eabi/12.3.1/../../../../arm-none-eabi/lib/thumb/v7e-m+fp/hard\libc_nano.a(libc_a-init.o)
 .debug_frame   0x00002b40       0x2c D:/ST/STM32CubeIDE_1.17.0/STM32CubeIDE/plugins/com.st.stm32cube.ide.mcu.externaltools.gnu-tools-for-stm32.12.3.rel1.win32_1.1.0.202410251130/tools/bin/../lib/gcc/arm-none-eabi/12.3.1/thumb/v7e-m+fp/hard\libgcc.a(_aeabi_uldivmod.o)
 .debug_frame   0x00002b6c       0x34 D:/ST/STM32CubeIDE_1.17.0/STM32CubeIDE/plugins/com.st.stm32cube.ide.mcu.externaltools.gnu-tools-for-stm32.12.3.rel1.win32_1.1.0.202410251130/tools/bin/../lib/gcc/arm-none-eabi/12.3.1/thumb/v7e-m+fp/hard\libgcc.a(_udivmoddi4.o)

.debug_line_str
                0x00000000       0x65
 .debug_line_str
                0x00000000       0x65 ./Core/Startup/startup_stm32f407vetx.o
